INFO  [Thread-3] 2026-05-25T23:12:29,491 LocalSession - - Death Neuron: 7, Stressed Neuron: 0, Actual Degen Neuron: 0 0.4
INFO  [Thread-3] 2026-05-25T23:12:29,493 LocalSession - -0.2663440718582389
INFO  [Thread-3] 2026-05-25T23:12:29,493 LocalSession - - Death Neuron: 7, Stressed Neuron: 0, Actual Degen Neuron: 0 0.5
INFO  [Thread-3] 2026-05-25T23:12:29,493 LocalSession - -0.2674528384606536
INFO  [Thread-3] 2026-05-25T23:12:29,493 LocalSession - - Death Neuron: 7, Stressed Neuron: 0, Actual Degen Neuron: 0 0.6000000000000001
INFO  [Thread-3] 2026-05-25T23:12:29,493 LocalSession - -0.26392554173302074
INFO  [Thread-3] 2026-05-25T23:12:29,493 LocalSession - - Death Neuron: 7, Stressed Neuron: 0, Actual Degen Neuron: 0 0.7000000000000001
INFO  [Thread-3] 2026-05-25T23:12:29,493 LocalSession - -0.263762037213183
INFO  [Thread-3] 2026-05-25T23:12:29,493 LocalSession - - Death Neuron: 7, Stressed Neuron: 0, Actual Degen Neuron: 0 0.8
INFO  [Thread-3] 2026-05-25T23:12:29,493 LocalSession - -0.2618424863012312
INFO  [Thread-3] 2026-05-25T23:12:29,493 LocalSession - - Death Neuron: 7, Stressed Neuron: 0, Actual Degen Neuron: 0 0.9
INFO  [Thread-3] 2026-05-25T23:12:29,493 LocalSession - -0.2609529645936839
INFO  [Thread-3] 2026-05-25T23:12:29,493 LocalSession - - Death Neuron: 7, Stressed Neuron: 0, Actual Degen Neuron: 0 1.0
INFO  [Thread-3] 2026-05-25T23:12:29,493 LocalSession - -0.2604944917517403
INFO  [Thread-3] 2026-05-25T23:12:29,493 LocalSession - Dosaggio 0.8949698349748235
INFO  [Thread-3] 2026-05-25T23:12:29,493 LocalSession - Dosaggio 1.0
INFO  [Thread-3] 2026-05-25T23:12:29,493 LocalSession - Valore CYTO_RELEASE_RATE 3.0149247619490964
INFO  [Thread-3] 2026-05-25T23:12:29,493 LocalSession - Valore DEGENERATION_RATE 0.6029849523898193
INFO  [Thread-3] 2026-05-25T23:12:29,493 LocalSession - Valore CYTO_NEURON_THRESHOLD 0.16584162024903706
INFO  [Thread-3] 2026-05-25T23:12:29,493 LocalSession - Valore CYTO_MICROGLIA_THRESHOLD 0.16584162024903706
INFO  [Thread-3] 2026-05-25T23:12:29,493 LocalSession - toxic a: 0.005682864436386402
INFO  [Thread-3] 2026-05-25T23:12:29,493 LocalSession - NEURONI MORTI: 0
INFO  [Thread-3] 2026-05-25T23:12:29,493 LocalSession - NEURONI STRESSATI: 0
INFO  [Thread-3] 2026-05-25T23:12:29,493 LocalSession - MICROGLIE MORTI: 12
INFO  [Thread-3] 2026-05-25T23:12:29,493 LocalSession - [REWARD BREAKDOWN] Run 126 | Dose: 1,00 | doseCost: -0,030 | deathPenalty: -0,000 | trendPenalty: -0,000 | doseBonus: 0,049 | TOTAL: -0,026
INFO  [Thread-3] 2026-05-25T23:12:29,493 LocalSession - Death Neuron: 7, Stressed Neuron: 0, Actual Degen Neuron: 0
INFO  [Thread-3] 2026-05-25T23:12:29,493 LocalSession - - Death Neuron: 7, Stressed Neuron: 0, Actual Degen Neuron: 0 0.0
INFO  [Thread-3] 2026-05-25T23:12:29,494 LocalSession - -0.2745101448421127
INFO  [Thread-3] 2026-05-25T23:12:29,494 LocalSession - - Death Neuron: 7, Stressed Neuron: 0, Actual Degen Neuron: 0 0.1
INFO  [Thread-3] 2026-05-25T23:12:29,494 LocalSession - -0.2719412289482296
INFO  [Thread-3] 2026-05-25T23:12:29,494 LocalSession - - Death Neuron: 7, Stressed Neuron: 0, Actual Degen Neuron: 0 0.2
INFO  [Thread-3] 2026-05-25T23:12:29,494 LocalSession - -0.27091699182730367
INFO  [Thread-3] 2026-05-25T23:12:29,494 LocalSession - - Death Neuron: 7, Stressed Neuron: 0, Actual Degen Neuron: 0 0.30000000000000004
INFO  [Thread-3] 2026-05-25T23:12:29,494 LocalSession - -0.2691211202160146
INFO  [Thread-3] 2026-05-25T23:12:29,494 LocalSession - - Death Neuron: 7, Stressed Neuron: 0, Actual Degen Neuron: 0 0.4
INFO  [Thread-3] 2026-05-25T23:12:29,494 LocalSession - -0.2663440718582389
INFO  [Thread-3] 2026-05-25T23:12:29,494 LocalSession - - Death Neuron: 7, Stressed Neuron: 0, Actual Degen Neuron: 0 0.5
INFO  [Thread-3] 2026-05-25T23:12:29,494 LocalSession - -0.2674528384606536
INFO  [Thread-3] 2026-05-25T23:12:29,494 LocalSession - - Death Neuron: 7, Stressed Neuron: 0, Actual Degen Neuron: 0 0.6000000000000001
INFO  [Thread-3] 2026-05-25T23:12:29,494 LocalSession - -0.26392554173302074
INFO  [Thread-3] 2026-05-25T23:12:29,494 LocalSession - - Death Neuron: 7, Stressed Neuron: 0, Actual Degen Neuron: 0 0.7000000000000001
INFO  [Thread-3] 2026-05-25T23:12:29,494 LocalSession - -0.263762037213183
INFO  [Thread-3] 2026-05-25T23:12:29,494 LocalSession - - Death Neuron: 7, Stressed Neuron: 0, Actual Degen Neuron: 0 0.8
INFO  [Thread-3] 2026-05-25T23:12:29,494 LocalSession - -0.2618424863012312
INFO  [Thread-3] 2026-05-25T23:12:29,494 LocalSession - - Death Neuron: 7, Stressed Neuron: 0, Actual Degen Neuron: 0 0.9
INFO  [Thread-3] 2026-05-25T23:12:29,494 LocalSession - -0.2609529645936839
INFO  [Thread-3] 2026-05-25T23:12:29,494 LocalSession - - Death Neuron: 7, Stressed Neuron: 0, Actual Degen Neuron: 0 1.0
INFO  [Thread-3] 2026-05-25T23:12:29,494 LocalSession - -0.2605024500600293
INFO  [Thread-3] 2026-05-25T23:12:29,494 LocalSession - Dosaggio 0.9317303927336353
INFO  [Thread-3] 2026-05-25T23:12:29,494 LocalSession - Dosaggio 1.0
INFO  [Thread-3] 2026-05-25T23:12:29,494 LocalSession - Valore CYTO_RELEASE_RATE 2.992740132631061
INFO  [Thread-3] 2026-05-25T23:12:29,494 LocalSession - Valore DEGENERATION_RATE 0.5985480265262122
INFO  [Thread-3] 2026-05-25T23:12:29,494 LocalSession - Valore CYTO_NEURON_THRESHOLD 0.1670709735198447
INFO  [Thread-3] 2026-05-25T23:12:29,494 LocalSession - Valore CYTO_MICROGLIA_THRESHOLD 0.1670709735198447
INFO  [Thread-3] 2026-05-25T23:12:29,494 LocalSession - toxic a: 0.005820288147161754
INFO  [Thread-3] 2026-05-25T23:12:29,494 LocalSession - NEURONI MORTI: 0
INFO  [Thread-3] 2026-05-25T23:12:29,494 LocalSession - NEURONI STRESSATI: 0
INFO  [Thread-3] 2026-05-25T23:12:29,494 LocalSession - MICROGLIE MORTI: 12
INFO  [Thread-3] 2026-05-25T23:12:29,494 LocalSession - [REWARD BREAKDOWN] Run 126 | Dose: 1,00 | doseCost: -0,030 | deathPenalty: -0,000 | trendPenalty: -0,000 | doseBonus: 0,049 | TOTAL: -0,026
INFO  [Thread-3] 2026-05-25T23:12:29,494 LocalSession - Death Neuron: 7, Stressed Neuron: 0, Actual Degen Neuron: 0
INFO  [Thread-3] 2026-05-25T23:12:29,494 LocalSession - - Death Neuron: 7, Stressed Neuron: 0, Actual Degen Neuron: 0 0.0
INFO  [Thread-3] 2026-05-25T23:12:29,494 LocalSession - -0.2745101448421127
INFO  [Thread-3] 2026-05-25T23:12:29,494 LocalSession - - Death Neuron: 7, Stressed Neuron: 0, Actual Degen Neuron: 0 0.1
INFO  [Thread-3] 2026-05-25T23:12:29,494 LocalSession - -0.2719412289482296
INFO  [Thread-3] 2026-05-25T23:12:29,494 LocalSession - - Death Neuron: 7, Stressed Neuron: 0, Actual Degen Neuron: 0 0.2
INFO  [Thread-3] 2026-05-25T23:12:29,494 LocalSession - -0.27091699182730367
INFO  [Thread-3] 2026-05-25T23:12:29,494 LocalSession - - Death Neuron: 7, Stressed Neuron: 0, Actual Degen Neuron: 0 0.30000000000000004
INFO  [Thread-3] 2026-05-25T23:12:29,494 LocalSession - -0.2691211202160146
INFO  [Thread-3] 2026-05-25T23:12:29,494 LocalSession - - Death Neuron: 7, Stressed Neuron: 0, Actual Degen Neuron: 0 0.4
INFO  [Thread-3] 2026-05-25T23:12:29,494 LocalSession - -0.2663440718582389
INFO  [Thread-3] 2026-05-25T23:12:29,494 LocalSession - - Death Neuron: 7, Stressed Neuron: 0, Actual Degen Neuron: 0 0.5
INFO  [Thread-3] 2026-05-25T23:12:29,494 LocalSession - -0.2674528384606536
INFO  [Thread-3] 2026-05-25T23:12:29,494 LocalSession - - Death Neuron: 7, Stressed Neuron: 0, Actual Degen Neuron: 0 0.6000000000000001
INFO  [Thread-3] 2026-05-25T23:12:29,494 LocalSession - -0.26392554173302074
INFO  [Thread-3] 2026-05-25T23:12:29,494 LocalSession - - Death Neuron: 7, Stressed Neuron: 0, Actual Degen Neuron: 0 0.7000000000000001
INFO  [Thread-3] 2026-05-25T23:12:29,495 LocalSession - -0.263762037213183
INFO  [Thread-3] 2026-05-25T23:12:29,495 LocalSession - - Death Neuron: 7, Stressed Neuron: 0, Actual Degen Neuron: 0 0.8
INFO  [Thread-3] 2026-05-25T23:12:29,495 LocalSession - -0.2618424863012312
INFO  [Thread-3] 2026-05-25T23:12:29,495 LocalSession - - Death Neuron: 7, Stressed Neuron: 0, Actual Degen Neuron: 0 0.9
INFO  [Thread-3] 2026-05-25T23:12:29,495 LocalSession - -0.2609529645936839
INFO  [Thread-3] 2026-05-25T23:12:29,495 LocalSession - - Death Neuron: 7, Stressed Neuron: 0, Actual Degen Neuron: 0 1.0
INFO  [Thread-3] 2026-05-25T23:12:29,495 LocalSession - -0.2605103287852355
INFO  [Thread-3] 2026-05-25T23:12:29,495 LocalSession - Dosaggio 0.955624755276863
INFO  [Thread-3] 2026-05-25T23:12:29,495 LocalSession - Dosaggio 1.0
INFO  [Thread-3] 2026-05-25T23:12:29,495 LocalSession - Valore CYTO_RELEASE_RATE 2.97863682563389
INFO  [Thread-3] 2026-05-25T23:12:29,495 LocalSession - Valore DEGENERATION_RATE 0.595727365126778
INFO  [Thread-3] 2026-05-25T23:12:29,495 LocalSession - Valore CYTO_NEURON_THRESHOLD 0.16786202438230263
INFO  [Thread-3] 2026-05-25T23:12:29,495 LocalSession - Valore CYTO_MICROGLIA_THRESHOLD 0.16786202438230263
INFO  [Thread-3] 2026-05-25T23:12:29,495 LocalSession - toxic a: 0.00591139063631941
INFO  [Thread-3] 2026-05-25T23:12:29,496 LocalSession - NEURONI MORTI: 0
INFO  [Thread-3] 2026-05-25T23:12:29,497 LocalSession - NEURONI STRESSATI: 0
INFO  [Thread-3] 2026-05-25T23:12:29,497 LocalSession - MICROGLIE MORTI: 12
INFO  [Thread-3] 2026-05-25T23:12:29,497 LocalSession - [REWARD BREAKDOWN] Run 126 | Dose: 1,00 | doseCost: -0,030 | deathPenalty: -0,000 | trendPenalty: -0,000 | doseBonus: 0,049 | TOTAL: -0,026
INFO  [Thread-3] 2026-05-25T23:12:29,497 LocalSession - Death Neuron: 7, Stressed Neuron: 0, Actual Degen Neuron: 0
INFO  [Thread-3] 2026-05-25T23:12:29,497 LocalSession - Dosaggio 0.9711560909299609
INFO  [Thread-3] 2026-05-25T23:12:29,497 LocalSession - Dosaggio 0.5
INFO  [Thread-3] 2026-05-25T23:12:29,498 LocalSession - Valore CYTO_RELEASE_RATE 3.1421765496506966
INFO  [Thread-3] 2026-05-25T23:12:29,498 LocalSession - Valore DEGENERATION_RATE 0.6284353099301393
INFO  [Thread-3] 2026-05-25T23:12:29,498 LocalSession - Valore CYTO_NEURON_THRESHOLD 0.15912537043985123
INFO  [Thread-3] 2026-05-25T23:12:29,498 LocalSession - Valore CYTO_MICROGLIA_THRESHOLD 0.15912537043985123
INFO  [Thread-3] 2026-05-25T23:12:29,498 LocalSession - toxic a: 0.005012708933045009
INFO  [Thread-3] 2026-05-25T23:12:29,498 LocalSession - NEURONI MORTI: 0
INFO  [Thread-3] 2026-05-25T23:12:29,498 LocalSession - NEURONI STRESSATI: 0
INFO  [Thread-3] 2026-05-25T23:12:29,498 LocalSession - MICROGLIE MORTI: 12
INFO  [Thread-3] 2026-05-25T23:12:29,498 LocalSession - [REWARD BREAKDOWN] Run 126 | Dose: 0,50 | doseCost: -0,015 | deathPenalty: -0,000 | trendPenalty: -0,000 | doseBonus: 0,025 | TOTAL: -0,036
INFO  [Thread-3] 2026-05-25T23:12:29,498 LocalSession - Death Neuron: 7, Stressed Neuron: 0, Actual Degen Neuron: 0
INFO  [Thread-3] 2026-05-25T23:12:29,498 LocalSession - - Death Neuron: 7, Stressed Neuron: 0, Actual Degen Neuron: 0 0.0
INFO  [Thread-3] 2026-05-25T23:12:29,498 LocalSession - -0.2745101448421127
INFO  [Thread-3] 2026-05-25T23:12:29,498 LocalSession - - Death Neuron: 7, Stressed Neuron: 0, Actual Degen Neuron: 0 0.1
INFO  [Thread-3] 2026-05-25T23:12:29,498 LocalSession - -0.2719412289482296
INFO  [Thread-3] 2026-05-25T23:12:29,498 LocalSession - - Death Neuron: 7, Stressed Neuron: 0, Actual Degen Neuron: 0 0.2
INFO  [Thread-3] 2026-05-25T23:12:29,498 LocalSession - -0.27091699182730367
INFO  [Thread-3] 2026-05-25T23:12:29,498 LocalSession - - Death Neuron: 7, Stressed Neuron: 0, Actual Degen Neuron: 0 0.30000000000000004
INFO  [Thread-3] 2026-05-25T23:12:29,498 LocalSession - -0.2691211202160146
INFO  [Thread-3] 2026-05-25T23:12:29,498 LocalSession - - Death Neuron: 7, Stressed Neuron: 0, Actual Degen Neuron: 0 0.4
INFO  [Thread-3] 2026-05-25T23:12:29,498 LocalSession - -0.2663440718582389
INFO  [Thread-3] 2026-05-25T23:12:29,499 LocalSession - - Death Neuron: 7, Stressed Neuron: 0, Actual Degen Neuron: 0 0.5
INFO  [Thread-3] 2026-05-25T23:12:29,499 LocalSession - -0.26771870232870754
INFO  [Thread-3] 2026-05-25T23:12:29,499 LocalSession - - Death Neuron: 7, Stressed Neuron: 0, Actual Degen Neuron: 0 0.6000000000000001
INFO  [Thread-3] 2026-05-25T23:12:29,499 LocalSession - -0.26392554173302074
INFO  [Thread-3] 2026-05-25T23:12:29,499 LocalSession - - Death Neuron: 7, Stressed Neuron: 0, Actual Degen Neuron: 0 0.7000000000000001
INFO  [Thread-3] 2026-05-25T23:12:29,499 LocalSession - -0.263762037213183
INFO  [Thread-3] 2026-05-25T23:12:29,499 LocalSession - - Death Neuron: 7, Stressed Neuron: 0, Actual Degen Neuron: 0 0.8
INFO  [Thread-3] 2026-05-25T23:12:29,499 LocalSession - -0.2618424863012312
INFO  [Thread-3] 2026-05-25T23:12:29,499 LocalSession - - Death Neuron: 7, Stressed Neuron: 0, Actual Degen Neuron: 0 0.9
INFO  [Thread-3] 2026-05-25T23:12:29,499 LocalSession - -0.2609529645936839
INFO  [Thread-3] 2026-05-25T23:12:29,499 LocalSession - - Death Neuron: 7, Stressed Neuron: 0, Actual Degen Neuron: 0 1.0
INFO  [Thread-3] 2026-05-25T23:12:29,499 LocalSession - -0.2605181287231896
INFO  [Thread-3] 2026-05-25T23:12:29,499 LocalSession - Dosaggio 0.8062514591044747
INFO  [Thread-3] 2026-05-25T23:12:29,499 LocalSession - Dosaggio 1.0
INFO  [Thread-3] 2026-05-25T23:12:29,500 LocalSession - Valore CYTO_RELEASE_RATE 3.0710473781277625
INFO  [Thread-3] 2026-05-25T23:12:29,500 LocalSession - Valore DEGENERATION_RATE 0.6142094756255525
INFO  [Thread-3] 2026-05-25T23:12:29,500 LocalSession - Valore CYTO_NEURON_THRESHOLD 0.16281090647172017
INFO  [Thread-3] 2026-05-25T23:12:29,500 LocalSession - Valore CYTO_MICROGLIA_THRESHOLD 0.16281090647172017
INFO  [Thread-3] 2026-05-25T23:12:29,500 LocalSession - toxic a: 0.005364421080125955
INFO  [Thread-3] 2026-05-25T23:12:29,500 LocalSession - NEURONI MORTI: 0
INFO  [Thread-3] 2026-05-25T23:12:29,500 LocalSession - NEURONI STRESSATI: 0
INFO  [Thread-3] 2026-05-25T23:12:29,500 LocalSession - MICROGLIE MORTI: 12
INFO  [Thread-3] 2026-05-25T23:12:29,500 LocalSession - [REWARD BREAKDOWN] Run 126 | Dose: 1,00 | doseCost: -0,030 | deathPenalty: -0,000 | trendPenalty: -0,000 | doseBonus: 0,049 | TOTAL: -0,026
INFO  [Thread-3] 2026-05-25T23:12:29,500 LocalSession - Death Neuron: 7, Stressed Neuron: 0, Actual Degen Neuron: 0
INFO  [Thread-3] 2026-05-25T23:12:29,500 LocalSession - Dosaggio 0.8740634484179085
INFO  [Thread-3] 2026-05-25T23:12:29,500 LocalSession - Dosaggio 0.7000000000000001
INFO  [Thread-3] 2026-05-25T23:12:29,500 LocalSession - Valore CYTO_RELEASE_RATE 3.134676681132524
INFO  [Thread-3] 2026-05-25T23:12:29,500 LocalSession - Valore DEGENERATION_RATE 0.6269353362265048
INFO  [Thread-3] 2026-05-25T23:12:29,500 LocalSession - Valore CYTO_NEURON_THRESHOLD 0.15950608573447395
INFO  [Thread-3] 2026-05-25T23:12:29,500 LocalSession - Valore CYTO_MICROGLIA_THRESHOLD 0.15950608573447395
INFO  [Thread-3] 2026-05-25T23:12:29,500 LocalSession - toxic a: 0.0050473646547642935
INFO  [Thread-3] 2026-05-25T23:12:29,504 LocalSession - NEURONI MORTI: 0
INFO  [Thread-3] 2026-05-25T23:12:29,504 LocalSession - NEURONI STRESSATI: 0
INFO  [Thread-3] 2026-05-25T23:12:29,504 LocalSession - MICROGLIE MORTI: 12
INFO  [Thread-3] 2026-05-25T23:12:29,504 LocalSession - [REWARD BREAKDOWN] Run 126 | Dose: 0,70 | doseCost: -0,021 | deathPenalty: -0,000 | trendPenalty: -0,000 | doseBonus: 0,034 | TOTAL: -0,032
INFO  [Thread-3] 2026-05-25T23:12:29,504 LocalSession - Death Neuron: 7, Stressed Neuron: 0, Actual Degen Neuron: 0
INFO  [Thread-3] 2026-05-25T23:12:29,504 LocalSession - Dosaggio 0.8131412414716406
INFO  [Thread-3] 2026-05-25T23:12:29,504 LocalSession - Dosaggio 0.8
INFO  [Thread-3] 2026-05-25T23:12:29,504 LocalSession - Valore CYTO_RELEASE_RATE 3.139676241817285
INFO  [Thread-3] 2026-05-25T23:12:29,504 LocalSession - Valore DEGENERATION_RATE 0.627935248363457
INFO  [Thread-3] 2026-05-25T23:12:29,504 LocalSession - Valore CYTO_NEURON_THRESHOLD 0.15925209127969644
INFO  [Thread-3] 2026-05-25T23:12:29,504 LocalSession - Valore CYTO_MICROGLIA_THRESHOLD 0.15925209127969644
INFO  [Thread-3] 2026-05-25T23:12:29,504 LocalSession - toxic a: 0.005024202937793011
INFO  [Thread-3] 2026-05-25T23:12:29,505 LocalSession - NEURONI MORTI: 0
INFO  [Thread-3] 2026-05-25T23:12:29,505 LocalSession - NEURONI STRESSATI: 0
INFO  [Thread-3] 2026-05-25T23:12:29,505 LocalSession - MICROGLIE MORTI: 12
INFO  [Thread-3] 2026-05-25T23:12:29,505 LocalSession - [REWARD BREAKDOWN] Run 126 | Dose: 0,80 | doseCost: -0,024 | deathPenalty: -0,000 | trendPenalty: -0,000 | doseBonus: 0,039 | TOTAL: -0,030
INFO  [Thread-3] 2026-05-25T23:12:29,505 LocalSession - Death Neuron: 7, Stressed Neuron: 0, Actual Degen Neuron: 0
INFO  [Thread-3] 2026-05-25T23:12:29,505 LocalSession - - Death Neuron: 7, Stressed Neuron: 0, Actual Degen Neuron: 0 0.0
INFO  [Thread-3] 2026-05-25T23:12:29,505 LocalSession - -0.2745101448421127
INFO  [Thread-3] 2026-05-25T23:12:29,505 LocalSession - - Death Neuron: 7, Stressed Neuron: 0, Actual Degen Neuron: 0 0.1
INFO  [Thread-3] 2026-05-25T23:12:29,505 LocalSession - -0.2719412289482296
INFO  [Thread-3] 2026-05-25T23:12:29,505 LocalSession - - Death Neuron: 7, Stressed Neuron: 0, Actual Degen Neuron: 0 0.2
INFO  [Thread-3] 2026-05-25T23:12:29,505 LocalSession - -0.27091699182730367
INFO  [Thread-3] 2026-05-25T23:12:29,505 LocalSession - - Death Neuron: 7, Stressed Neuron: 0, Actual Degen Neuron: 0 0.30000000000000004
INFO  [Thread-3] 2026-05-25T23:12:29,505 LocalSession - -0.2691211202160146
INFO  [Thread-3] 2026-05-25T23:12:29,505 LocalSession - - Death Neuron: 7, Stressed Neuron: 0, Actual Degen Neuron: 0 0.4
INFO  [Thread-3] 2026-05-25T23:12:29,505 LocalSession - -0.2663440718582389
INFO  [Thread-3] 2026-05-25T23:12:29,505 LocalSession - - Death Neuron: 7, Stressed Neuron: 0, Actual Degen Neuron: 0 0.5
INFO  [Thread-3] 2026-05-25T23:12:29,505 LocalSession - -0.26771870232870754
INFO  [Thread-3] 2026-05-25T23:12:29,505 LocalSession - - Death Neuron: 7, Stressed Neuron: 0, Actual Degen Neuron: 0 0.6000000000000001
INFO  [Thread-3] 2026-05-25T23:12:29,505 LocalSession - -0.26392554173302074
INFO  [Thread-3] 2026-05-25T23:12:29,505 LocalSession - - Death Neuron: 7, Stressed Neuron: 0, Actual Degen Neuron: 0 0.7000000000000001
INFO  [Thread-3] 2026-05-25T23:12:29,505 LocalSession - -0.2640170310191654
INFO  [Thread-3] 2026-05-25T23:12:29,505 LocalSession - - Death Neuron: 7, Stressed Neuron: 0, Actual Degen Neuron: 0 0.8
INFO  [Thread-3] 2026-05-25T23:12:29,505 LocalSession - -0.26209911261776364
INFO  [Thread-3] 2026-05-25T23:12:29,505 LocalSession - - Death Neuron: 7, Stressed Neuron: 0, Actual Degen Neuron: 0 0.9
INFO  [Thread-3] 2026-05-25T23:12:29,505 LocalSession - -0.2609529645936839
INFO  [Thread-3] 2026-05-25T23:12:29,505 LocalSession - - Death Neuron: 7, Stressed Neuron: 0, Actual Degen Neuron: 0 1.0
INFO  [Thread-3] 2026-05-25T23:12:29,505 LocalSession - -0.26052585066176415
INFO  [Thread-3] 2026-05-25T23:12:29,505 LocalSession - Dosaggio 0.8085418069565664
INFO  [Thread-3] 2026-05-25T23:12:29,505 LocalSession - Dosaggio 1.0
INFO  [Thread-3] 2026-05-25T23:12:29,505 LocalSession - Valore CYTO_RELEASE_RATE 3.069550283209395
INFO  [Thread-3] 2026-05-25T23:12:29,505 LocalSession - Valore DEGENERATION_RATE 0.613910056641879
INFO  [Thread-3] 2026-05-25T23:12:29,505 LocalSession - Valore CYTO_NEURON_THRESHOLD 0.16289031334186233
INFO  [Thread-3] 2026-05-25T23:12:29,505 LocalSession - Valore CYTO_MICROGLIA_THRESHOLD 0.16289031334186233
INFO  [Thread-3] 2026-05-25T23:12:29,505 LocalSession - toxic a: 0.0053724131813688274
INFO  [Thread-3] 2026-05-25T23:12:29,507 LocalSession - NEURONI MORTI: 0
INFO  [Thread-3] 2026-05-25T23:12:29,507 LocalSession - NEURONI STRESSATI: 0
INFO  [Thread-3] 2026-05-25T23:12:29,507 LocalSession - MICROGLIE MORTI: 12
INFO  [Thread-3] 2026-05-25T23:12:29,507 LocalSession - [REWARD BREAKDOWN] Run 126 | Dose: 1,00 | doseCost: -0,030 | deathPenalty: -0,000 | trendPenalty: -0,000 | doseBonus: 0,049 | TOTAL: -0,026
INFO  [Thread-3] 2026-05-25T23:12:29,507 LocalSession - Death Neuron: 7, Stressed Neuron: 0, Actual Degen Neuron: 0
INFO  [Thread-3] 2026-05-25T23:12:29,507 LocalSession - - Death Neuron: 7, Stressed Neuron: 0, Actual Degen Neuron: 0 0.0
INFO  [Thread-3] 2026-05-25T23:12:29,507 LocalSession - -0.2745101448421127
INFO  [Thread-3] 2026-05-25T23:12:29,507 LocalSession - - Death Neuron: 7, Stressed Neuron: 0, Actual Degen Neuron: 0 0.1
INFO  [Thread-3] 2026-05-25T23:12:29,507 LocalSession - -0.2719412289482296
INFO  [Thread-3] 2026-05-25T23:12:29,507 LocalSession - - Death Neuron: 7, Stressed Neuron: 0, Actual Degen Neuron: 0 0.2
INFO  [Thread-3] 2026-05-25T23:12:29,507 LocalSession - -0.27091699182730367
INFO  [Thread-3] 2026-05-25T23:12:29,507 LocalSession - - Death Neuron: 7, Stressed Neuron: 0, Actual Degen Neuron: 0 0.30000000000000004
INFO  [Thread-3] 2026-05-25T23:12:29,507 LocalSession - -0.2691211202160146
INFO  [Thread-3] 2026-05-25T23:12:29,507 LocalSession - - Death Neuron: 7, Stressed Neuron: 0, Actual Degen Neuron: 0 0.4
INFO  [Thread-3] 2026-05-25T23:12:29,507 LocalSession - -0.2663440718582389
INFO  [Thread-3] 2026-05-25T23:12:29,507 LocalSession - - Death Neuron: 7, Stressed Neuron: 0, Actual Degen Neuron: 0 0.5
INFO  [Thread-3] 2026-05-25T23:12:29,507 LocalSession - -0.26771870232870754
INFO  [Thread-3] 2026-05-25T23:12:29,507 LocalSession - - Death Neuron: 7, Stressed Neuron: 0, Actual Degen Neuron: 0 0.6000000000000001
INFO  [Thread-3] 2026-05-25T23:12:29,507 LocalSession - -0.26392554173302074
INFO  [Thread-3] 2026-05-25T23:12:29,507 LocalSession - - Death Neuron: 7, Stressed Neuron: 0, Actual Degen Neuron: 0 0.7000000000000001
INFO  [Thread-3] 2026-05-25T23:12:29,507 LocalSession - -0.2640170310191654
INFO  [Thread-3] 2026-05-25T23:12:29,507 LocalSession - - Death Neuron: 7, Stressed Neuron: 0, Actual Degen Neuron: 0 0.8
INFO  [Thread-3] 2026-05-25T23:12:29,507 LocalSession - -0.26209911261776364
INFO  [Thread-3] 2026-05-25T23:12:29,507 LocalSession - - Death Neuron: 7, Stressed Neuron: 0, Actual Degen Neuron: 0 0.9
INFO  [Thread-3] 2026-05-25T23:12:29,507 LocalSession - -0.2609529645936839
INFO  [Thread-3] 2026-05-25T23:12:29,507 LocalSession - - Death Neuron: 7, Stressed Neuron: 0, Actual Degen Neuron: 0 1.0
INFO  [Thread-3] 2026-05-25T23:12:29,507 LocalSession - -0.26053349538095294
INFO  [Thread-3] 2026-05-25T23:12:29,507 LocalSession - Dosaggio 0.8755521745217681
INFO  [Thread-3] 2026-05-25T23:12:29,507 LocalSession - Dosaggio 1.0
INFO  [Thread-3] 2026-05-25T23:12:29,507 LocalSession - Valore CYTO_RELEASE_RATE 3.0268891199763317
INFO  [Thread-3] 2026-05-25T23:12:29,507 LocalSession - Valore DEGENERATION_RATE 0.6053778239952663
INFO  [Thread-3] 2026-05-25T23:12:29,507 LocalSession - Valore CYTO_NEURON_THRESHOLD 0.16518609953393018
INFO  [Thread-3] 2026-05-25T23:12:29,507 LocalSession - Valore CYTO_MICROGLIA_THRESHOLD 0.16518609953393018
INFO  [Thread-3] 2026-05-25T23:12:29,507 LocalSession - toxic a: 0.005611589027308001
INFO  [Thread-3] 2026-05-25T23:12:29,509 LocalSession - NEURONI MORTI: 0
INFO  [Thread-3] 2026-05-25T23:12:29,509 LocalSession - NEURONI STRESSATI: 0
INFO  [Thread-3] 2026-05-25T23:12:29,509 LocalSession - MICROGLIE MORTI: 12
INFO  [Thread-3] 2026-05-25T23:12:29,509 LocalSession - [REWARD BREAKDOWN] Run 126 | Dose: 1,00 | doseCost: -0,030 | deathPenalty: -0,000 | trendPenalty: -0,000 | doseBonus: 0,049 | TOTAL: -0,026
INFO  [Thread-3] 2026-05-25T23:12:29,509 LocalSession - Death Neuron: 7, Stressed Neuron: 0, Actual Degen Neuron: 0
INFO  [Thread-3] 2026-05-25T23:12:29,509 LocalSession - - Death Neuron: 7, Stressed Neuron: 0, Actual Degen Neuron: 0 0.0
INFO  [Thread-3] 2026-05-25T23:12:29,509 LocalSession - -0.2745101448421127
INFO  [Thread-3] 2026-05-25T23:12:29,509 LocalSession - - Death Neuron: 7, Stressed Neuron: 0, Actual Degen Neuron: 0 0.1
INFO  [Thread-3] 2026-05-25T23:12:29,509 LocalSession - -0.2719412289482296
INFO  [Thread-3] 2026-05-25T23:12:29,509 LocalSession - - Death Neuron: 7, Stressed Neuron: 0, Actual Degen Neuron: 0 0.2
INFO  [Thread-3] 2026-05-25T23:12:29,509 LocalSession - -0.27091699182730367
INFO  [Thread-3] 2026-05-25T23:12:29,509 LocalSession - - Death Neuron: 7, Stressed Neuron: 0, Actual Degen Neuron: 0 0.30000000000000004
INFO  [Thread-3] 2026-05-25T23:12:29,509 LocalSession - -0.2691211202160146
INFO  [Thread-3] 2026-05-25T23:12:29,509 LocalSession - - Death Neuron: 7, Stressed Neuron: 0, Actual Degen Neuron: 0 0.4
INFO  [Thread-3] 2026-05-25T23:12:29,509 LocalSession - -0.2663440718582389
INFO  [Thread-3] 2026-05-25T23:12:29,509 LocalSession - - Death Neuron: 7, Stressed Neuron: 0, Actual Degen Neuron: 0 0.5
INFO  [Thread-3] 2026-05-25T23:12:29,509 LocalSession - -0.26771870232870754
INFO  [Thread-3] 2026-05-25T23:12:29,509 LocalSession - - Death Neuron: 7, Stressed Neuron: 0, Actual Degen Neuron: 0 0.6000000000000001
INFO  [Thread-3] 2026-05-25T23:12:29,509 LocalSession - -0.26392554173302074
INFO  [Thread-3] 2026-05-25T23:12:29,509 LocalSession - - Death Neuron: 7, Stressed Neuron: 0, Actual Degen Neuron: 0 0.7000000000000001
INFO  [Thread-3] 2026-05-25T23:12:29,509 LocalSession - -0.2640170310191654
INFO  [Thread-3] 2026-05-25T23:12:29,509 LocalSession - - Death Neuron: 7, Stressed Neuron: 0, Actual Degen Neuron: 0 0.8
INFO  [Thread-3] 2026-05-25T23:12:29,509 LocalSession - -0.26209911261776364
INFO  [Thread-3] 2026-05-25T23:12:29,509 LocalSession - - Death Neuron: 7, Stressed Neuron: 0, Actual Degen Neuron: 0 0.9
INFO  [Thread-3] 2026-05-25T23:12:29,509 LocalSession - -0.2609529645936839
INFO  [Thread-3] 2026-05-25T23:12:29,509 LocalSession - - Death Neuron: 7, Stressed Neuron: 0, Actual Degen Neuron: 0 1.0
INFO  [Thread-3] 2026-05-25T23:12:29,509 LocalSession - -0.2605410636529499
INFO  [Thread-3] 2026-05-25T23:12:29,509 LocalSession - Dosaggio 0.9191089134391492
INFO  [Thread-3] 2026-05-25T23:12:29,509 LocalSession - Dosaggio 1.0
INFO  [Thread-3] 2026-05-25T23:12:29,509 LocalSession - Valore CYTO_RELEASE_RATE 3.0002895389878614
INFO  [Thread-3] 2026-05-25T23:12:29,509 LocalSession - Valore DEGENERATION_RATE 0.6000579077975723
INFO  [Thread-3] 2026-05-25T23:12:29,510 LocalSession - Valore CYTO_NEURON_THRESHOLD 0.16665058520293813
INFO  [Thread-3] 2026-05-25T23:12:29,510 LocalSession - Valore CYTO_MICROGLIA_THRESHOLD 0.16665058520293813
INFO  [Thread-3] 2026-05-25T23:12:29,510 LocalSession - toxic a: 0.00577273405971339
INFO  [Thread-3] 2026-05-25T23:12:29,511 LocalSession - NEURONI MORTI: 0
INFO  [Thread-3] 2026-05-25T23:12:29,511 LocalSession - NEURONI STRESSATI: 0
INFO  [Thread-3] 2026-05-25T23:12:29,511 LocalSession - MICROGLIE MORTI: 12
INFO  [Thread-3] 2026-05-25T23:12:29,511 LocalSession - [REWARD BREAKDOWN] Run 126 | Dose: 1,00 | doseCost: -0,030 | deathPenalty: -0,000 | trendPenalty: -0,000 | doseBonus: 0,049 | TOTAL: -0,026
INFO  [Thread-3] 2026-05-25T23:12:29,511 LocalSession - Death Neuron: 7, Stressed Neuron: 0, Actual Degen Neuron: 0
INFO  [Thread-3] 2026-05-25T23:12:29,511 LocalSession - - Death Neuron: 7, Stressed Neuron: 0, Actual Degen Neuron: 0 0.0
INFO  [Thread-3] 2026-05-25T23:12:29,511 LocalSession - -0.2745101448421127
INFO  [Thread-3] 2026-05-25T23:12:29,511 LocalSession - - Death Neuron: 7, Stressed Neuron: 0, Actual Degen Neuron: 0 0.1
INFO  [Thread-3] 2026-05-25T23:12:29,511 LocalSession - -0.2719412289482296
INFO  [Thread-3] 2026-05-25T23:12:29,511 LocalSession - - Death Neuron: 7, Stressed Neuron: 0, Actual Degen Neuron: 0 0.2
INFO  [Thread-3] 2026-05-25T23:12:29,511 LocalSession - -0.27091699182730367
INFO  [Thread-3] 2026-05-25T23:12:29,511 LocalSession - - Death Neuron: 7, Stressed Neuron: 0, Actual Degen Neuron: 0 0.30000000000000004
INFO  [Thread-3] 2026-05-25T23:12:29,511 LocalSession - -0.2691211202160146
INFO  [Thread-3] 2026-05-25T23:12:29,511 LocalSession - - Death Neuron: 7, Stressed Neuron: 0, Actual Degen Neuron: 0 0.4
INFO  [Thread-3] 2026-05-25T23:12:29,512 LocalSession - -0.2663440718582389
INFO  [Thread-3] 2026-05-25T23:12:29,512 LocalSession - - Death Neuron: 7, Stressed Neuron: 0, Actual Degen Neuron: 0 0.5
INFO  [Thread-3] 2026-05-25T23:12:29,512 LocalSession - -0.26771870232870754
INFO  [Thread-3] 2026-05-25T23:12:29,512 LocalSession - - Death Neuron: 7, Stressed Neuron: 0, Actual Degen Neuron: 0 0.6000000000000001
INFO  [Thread-3] 2026-05-25T23:12:29,512 LocalSession - -0.26392554173302074
INFO  [Thread-3] 2026-05-25T23:12:29,512 LocalSession - - Death Neuron: 7, Stressed Neuron: 0, Actual Degen Neuron: 0 0.7000000000000001
INFO  [Thread-3] 2026-05-25T23:12:29,512 LocalSession - -0.2640170310191654
INFO  [Thread-3] 2026-05-25T23:12:29,512 LocalSession - - Death Neuron: 7, Stressed Neuron: 0, Actual Degen Neuron: 0 0.8
INFO  [Thread-3] 2026-05-25T23:12:29,512 LocalSession - -0.26209911261776364
INFO  [Thread-3] 2026-05-25T23:12:29,512 LocalSession - - Death Neuron: 7, Stressed Neuron: 0, Actual Degen Neuron: 0 0.9
INFO  [Thread-3] 2026-05-25T23:12:29,512 LocalSession - -0.2609529645936839
INFO  [Thread-3] 2026-05-25T23:12:29,512 LocalSession - - Death Neuron: 7, Stressed Neuron: 0, Actual Degen Neuron: 0 1.0
INFO  [Thread-3] 2026-05-25T23:12:29,512 LocalSession - -0.26054855624222684
INFO  [Thread-3] 2026-05-25T23:12:29,512 LocalSession - Dosaggio 0.947420793735447
INFO  [Thread-3] 2026-05-25T23:12:29,512 LocalSession - Dosaggio 1.0
INFO  [Thread-3] 2026-05-25T23:12:29,513 LocalSession - Valore CYTO_RELEASE_RATE 2.983451540878068
INFO  [Thread-3] 2026-05-25T23:12:29,513 LocalSession - Valore DEGENERATION_RATE 0.5966903081756136
INFO  [Thread-3] 2026-05-25T23:12:29,513 LocalSession - Valore CYTO_NEURON_THRESHOLD 0.16759112745750318
INFO  [Thread-3] 2026-05-25T23:12:29,513 LocalSession - Valore CYTO_MICROGLIA_THRESHOLD 0.16759112745750318
INFO  [Thread-3] 2026-05-25T23:12:29,513 LocalSession - toxic a: 0.0058799516023897245
INFO  [Thread-3] 2026-05-25T23:12:29,513 LocalSession - NEURONI MORTI: 0
INFO  [Thread-3] 2026-05-25T23:12:29,513 LocalSession - NEURONI STRESSATI: 0
INFO  [Thread-3] 2026-05-25T23:12:29,513 LocalSession - MICROGLIE MORTI: 12
INFO  [Thread-3] 2026-05-25T23:12:29,513 LocalSession - [REWARD BREAKDOWN] Run 126 | Dose: 1,00 | doseCost: -0,030 | deathPenalty: -0,000 | trendPenalty: -0,000 | doseBonus: 0,049 | TOTAL: -0,026
INFO  [Thread-3] 2026-05-25T23:12:29,513 LocalSession - Death Neuron: 7, Stressed Neuron: 0, Actual Degen Neuron: 0
INFO  [Thread-3] 2026-05-25T23:12:29,515 LocalSession - Dosaggio 0.9658235159280405
INFO  [Thread-3] 2026-05-25T23:12:29,515 LocalSession - Dosaggio 1.0
INFO  [Thread-3] 2026-05-25T23:12:29,515 LocalSession - Valore CYTO_RELEASE_RATE 2.972691059806087
INFO  [Thread-3] 2026-05-25T23:12:29,515 LocalSession - Valore DEGENERATION_RATE 0.5945382119612174
INFO  [Thread-3] 2026-05-25T23:12:29,515 LocalSession - Valore CYTO_NEURON_THRESHOLD 0.16819777009831502
INFO  [Thread-3] 2026-05-25T23:12:29,515 LocalSession - Valore CYTO_MICROGLIA_THRESHOLD 0.16819777009831502
INFO  [Thread-3] 2026-05-25T23:12:29,516 LocalSession - toxic a: 0.0059507085732942566
INFO  [Thread-3] 2026-05-25T23:12:29,517 LocalSession - NEURONI MORTI: 0
INFO  [Thread-3] 2026-05-25T23:12:29,517 LocalSession - NEURONI STRESSATI: 0
INFO  [Thread-3] 2026-05-25T23:12:29,517 LocalSession - MICROGLIE MORTI: 12
INFO  [Thread-3] 2026-05-25T23:12:29,517 LocalSession - [REWARD BREAKDOWN] Run 126 | Dose: 1,00 | doseCost: -0,030 | deathPenalty: -0,000 | trendPenalty: -0,000 | doseBonus: 0,049 | TOTAL: -0,026
INFO  [Thread-3] 2026-05-25T23:12:29,517 LocalSession - Death Neuron: 7, Stressed Neuron: 0, Actual Degen Neuron: 0
INFO  [Thread-3] 2026-05-25T23:12:29,517 LocalSession - Dosaggio 0.9777852853532263
INFO  [Thread-3] 2026-05-25T23:12:29,517 LocalSession - Dosaggio 0.2
INFO  [Thread-3] 2026-05-25T23:12:29,517 LocalSession - Valore CYTO_RELEASE_RATE 3.259678171512018
INFO  [Thread-3] 2026-05-25T23:12:29,517 LocalSession - Valore DEGENERATION_RATE 0.6519356343024036
INFO  [Thread-3] 2026-05-25T23:12:29,517 LocalSession - Valore CYTO_NEURON_THRESHOLD 0.1533893780742941
INFO  [Thread-3] 2026-05-25T23:12:29,517 LocalSession - Valore CYTO_MICROGLIA_THRESHOLD 0.1533893780742941
INFO  [Thread-3] 2026-05-25T23:12:29,517 LocalSession - toxic a: 0.004532553424417564
INFO  [Thread-3] 2026-05-25T23:12:29,517 LocalSession - NEURONI MORTI: 0
INFO  [Thread-3] 2026-05-25T23:12:29,517 LocalSession - NEURONI STRESSATI: 0
INFO  [Thread-3] 2026-05-25T23:12:29,517 LocalSession - MICROGLIE MORTI: 12
INFO  [Thread-3] 2026-05-25T23:12:29,517 LocalSession - [REWARD BREAKDOWN] Run 126 | Dose: 0,20 | doseCost: -0,006 | deathPenalty: -0,000 | trendPenalty: -0,000 | doseBonus: 0,010 | TOTAL: -0,041
INFO  [Thread-3] 2026-05-25T23:12:29,517 LocalSession - Death Neuron: 7, Stressed Neuron: 0, Actual Degen Neuron: 0
INFO  [Thread-3] 2026-05-25T23:12:29,517 LocalSession - - Death Neuron: 7, Stressed Neuron: 0, Actual Degen Neuron: 0 0.0
INFO  [Thread-3] 2026-05-25T23:12:29,518 LocalSession - -0.2745101448421127
INFO  [Thread-3] 2026-05-25T23:12:29,518 LocalSession - - Death Neuron: 7, Stressed Neuron: 0, Actual Degen Neuron: 0 0.1
INFO  [Thread-3] 2026-05-25T23:12:29,518 LocalSession - -0.2719412289482296
INFO  [Thread-3] 2026-05-25T23:12:29,518 LocalSession - - Death Neuron: 7, Stressed Neuron: 0, Actual Degen Neuron: 0 0.2
INFO  [Thread-3] 2026-05-25T23:12:29,518 LocalSession - -0.27141147508085356
INFO  [Thread-3] 2026-05-25T23:12:29,518 LocalSession - - Death Neuron: 7, Stressed Neuron: 0, Actual Degen Neuron: 0 0.30000000000000004
INFO  [Thread-3] 2026-05-25T23:12:29,518 LocalSession - -0.2691211202160146
INFO  [Thread-3] 2026-05-25T23:12:29,518 LocalSession - - Death Neuron: 7, Stressed Neuron: 0, Actual Degen Neuron: 0 0.4
INFO  [Thread-3] 2026-05-25T23:12:29,518 LocalSession - -0.2663440718582389
INFO  [Thread-3] 2026-05-25T23:12:29,518 LocalSession - - Death Neuron: 7, Stressed Neuron: 0, Actual Degen Neuron: 0 0.5
INFO  [Thread-3] 2026-05-25T23:12:29,518 LocalSession - -0.26771870232870754
INFO  [Thread-3] 2026-05-25T23:12:29,518 LocalSession - - Death Neuron: 7, Stressed Neuron: 0, Actual Degen Neuron: 0 0.6000000000000001
INFO  [Thread-3] 2026-05-25T23:12:29,518 LocalSession - -0.26392554173302074
INFO  [Thread-3] 2026-05-25T23:12:29,518 LocalSession - - Death Neuron: 7, Stressed Neuron: 0, Actual Degen Neuron: 0 0.7000000000000001
INFO  [Thread-3] 2026-05-25T23:12:29,518 LocalSession - -0.2640170310191654
INFO  [Thread-3] 2026-05-25T23:12:29,518 LocalSession - - Death Neuron: 7, Stressed Neuron: 0, Actual Degen Neuron: 0 0.8
INFO  [Thread-3] 2026-05-25T23:12:29,518 LocalSession - -0.26209911261776364
INFO  [Thread-3] 2026-05-25T23:12:29,518 LocalSession - - Death Neuron: 7, Stressed Neuron: 0, Actual Degen Neuron: 0 0.9
INFO  [Thread-3] 2026-05-25T23:12:29,518 LocalSession - -0.2609529645936839
INFO  [Thread-3] 2026-05-25T23:12:29,518 LocalSession - - Death Neuron: 7, Stressed Neuron: 0, Actual Degen Neuron: 0 1.0
INFO  [Thread-3] 2026-05-25T23:12:29,518 LocalSession - -0.2605633173923614
INFO  [Thread-3] 2026-05-25T23:12:29,518 LocalSession - Dosaggio 0.705560435479597
INFO  [Thread-3] 2026-05-25T23:12:29,518 LocalSession - Dosaggio 1.0
INFO  [Thread-3] 2026-05-25T23:12:29,518 LocalSession - Valore CYTO_RELEASE_RATE 3.1395972383061754
INFO  [Thread-3] 2026-05-25T23:12:29,518 LocalSession - Valore DEGENERATION_RATE 0.6279194476612351
INFO  [Thread-3] 2026-05-25T23:12:29,518 LocalSession - Valore CYTO_NEURON_THRESHOLD 0.1592560986326808
INFO  [Thread-3] 2026-05-25T23:12:29,518 LocalSession - Valore CYTO_MICROGLIA_THRESHOLD 0.1592560986326808
INFO  [Thread-3] 2026-05-25T23:12:29,518 LocalSession - toxic a: 0.005024567085649383
INFO  [Thread-3] 2026-05-25T23:12:29,520 LocalSession - NEURONI MORTI: 0
INFO  [Thread-3] 2026-05-25T23:12:29,520 LocalSession - NEURONI STRESSATI: 0
INFO  [Thread-3] 2026-05-25T23:12:29,520 LocalSession - MICROGLIE MORTI: 12
INFO  [Thread-3] 2026-05-25T23:12:29,520 LocalSession - [REWARD BREAKDOWN] Run 126 | Dose: 1,00 | doseCost: -0,030 | deathPenalty: -0,000 | trendPenalty: -0,000 | doseBonus: 0,049 | TOTAL: -0,026
INFO  [Thread-3] 2026-05-25T23:12:29,520 LocalSession - Death Neuron: 7, Stressed Neuron: 0, Actual Degen Neuron: 0
INFO  [Thread-3] 2026-05-25T23:12:29,520 LocalSession - - Death Neuron: 7, Stressed Neuron: 0, Actual Degen Neuron: 0 0.0
INFO  [Thread-3] 2026-05-25T23:12:29,520 LocalSession - -0.2745101448421127
INFO  [Thread-3] 2026-05-25T23:12:29,520 LocalSession - - Death Neuron: 7, Stressed Neuron: 0, Actual Degen Neuron: 0 0.1
INFO  [Thread-3] 2026-05-25T23:12:29,520 LocalSession - -0.2719412289482296
INFO  [Thread-3] 2026-05-25T23:12:29,520 LocalSession - - Death Neuron: 7, Stressed Neuron: 0, Actual Degen Neuron: 0 0.2
INFO  [Thread-3] 2026-05-25T23:12:29,520 LocalSession - -0.27141147508085356
INFO  [Thread-3] 2026-05-25T23:12:29,520 LocalSession - - Death Neuron: 7, Stressed Neuron: 0, Actual Degen Neuron: 0 0.30000000000000004
INFO  [Thread-3] 2026-05-25T23:12:29,520 LocalSession - -0.2691211202160146
INFO  [Thread-3] 2026-05-25T23:12:29,520 LocalSession - - Death Neuron: 7, Stressed Neuron: 0, Actual Degen Neuron: 0 0.4
INFO  [Thread-3] 2026-05-25T23:12:29,520 LocalSession - -0.2663440718582389
INFO  [Thread-3] 2026-05-25T23:12:29,520 LocalSession - - Death Neuron: 7, Stressed Neuron: 0, Actual Degen Neuron: 0 0.5
INFO  [Thread-3] 2026-05-25T23:12:29,520 LocalSession - -0.26771870232870754
INFO  [Thread-3] 2026-05-25T23:12:29,520 LocalSession - - Death Neuron: 7, Stressed Neuron: 0, Actual Degen Neuron: 0 0.6000000000000001
INFO  [Thread-3] 2026-05-25T23:12:29,520 LocalSession - -0.26392554173302074
INFO  [Thread-3] 2026-05-25T23:12:29,520 LocalSession - - Death Neuron: 7, Stressed Neuron: 0, Actual Degen Neuron: 0 0.7000000000000001
INFO  [Thread-3] 2026-05-25T23:12:29,520 LocalSession - -0.2640170310191654
INFO  [Thread-3] 2026-05-25T23:12:29,520 LocalSession - - Death Neuron: 7, Stressed Neuron: 0, Actual Degen Neuron: 0 0.8
INFO  [Thread-3] 2026-05-25T23:12:29,520 LocalSession - -0.26209911261776364
INFO  [Thread-3] 2026-05-25T23:12:29,520 LocalSession - - Death Neuron: 7, Stressed Neuron: 0, Actual Degen Neuron: 0 0.9
INFO  [Thread-3] 2026-05-25T23:12:29,520 LocalSession - -0.2609529645936839
INFO  [Thread-3] 2026-05-25T23:12:29,521 LocalSession - - Death Neuron: 7, Stressed Neuron: 0, Actual Degen Neuron: 0 1.0
INFO  [Thread-3] 2026-05-25T23:12:29,521 LocalSession - -0.2605705874442442
INFO  [Thread-3] 2026-05-25T23:12:29,521 LocalSession - Dosaggio 0.808614283061738
INFO  [Thread-3] 2026-05-25T23:12:29,521 LocalSession - Dosaggio 1.0
INFO  [Thread-3] 2026-05-25T23:12:29,521 LocalSession - Valore CYTO_RELEASE_RATE 3.0695029521307142
INFO  [Thread-3] 2026-05-25T23:12:29,521 LocalSession - Valore DEGENERATION_RATE 0.6139005904261429
INFO  [Thread-3] 2026-05-25T23:12:29,521 LocalSession - Valore CYTO_NEURON_THRESHOLD 0.16289282507563724
INFO  [Thread-3] 2026-05-25T23:12:29,521 LocalSession - Valore CYTO_MICROGLIA_THRESHOLD 0.16289282507563724
INFO  [Thread-3] 2026-05-25T23:12:29,521 LocalSession - toxic a: 0.005372666278859218
INFO  [Thread-3] 2026-05-25T23:12:29,522 LocalSession - NEURONI MORTI: 0
INFO  [Thread-3] 2026-05-25T23:12:29,522 LocalSession - NEURONI STRESSATI: 0
INFO  [Thread-3] 2026-05-25T23:12:29,522 LocalSession - MICROGLIE MORTI: 12
INFO  [Thread-3] 2026-05-25T23:12:29,522 LocalSession - [REWARD BREAKDOWN] Run 126 | Dose: 1,00 | doseCost: -0,030 | deathPenalty: -0,000 | trendPenalty: -0,000 | doseBonus: 0,049 | TOTAL: -0,026
INFO  [Thread-3] 2026-05-25T23:12:29,522 LocalSession - Death Neuron: 7, Stressed Neuron: 0, Actual Degen Neuron: 0
INFO  [Thread-3] 2026-05-25T23:12:29,523 LocalSession - Dosaggio 0.8755992839901297
INFO  [Thread-3] 2026-05-25T23:12:29,523 LocalSession - Dosaggio 0.6000000000000001
INFO  [Thread-3] 2026-05-25T23:12:29,523 LocalSession - Valore CYTO_RELEASE_RATE 3.172327478006997
INFO  [Thread-3] 2026-05-25T23:12:29,523 LocalSession - Valore DEGENERATION_RATE 0.6344654956013994
INFO  [Thread-3] 2026-05-25T23:12:29,523 LocalSession - Valore CYTO_NEURON_THRESHOLD 0.15761298633793752
INFO  [Thread-3] 2026-05-25T23:12:29,523 LocalSession - Valore CYTO_MICROGLIA_THRESHOLD 0.15761298633793752
INFO  [Thread-3] 2026-05-25T23:12:29,523 LocalSession - toxic a: 0.004878630521575204
INFO  [Thread-3] 2026-05-25T23:12:29,525 LocalSession - NEURONI MORTI: 0
INFO  [Thread-3] 2026-05-25T23:12:29,525 LocalSession - NEURONI STRESSATI: 0
INFO  [Thread-3] 2026-05-25T23:12:29,525 LocalSession - MICROGLIE MORTI: 12
INFO  [Thread-3] 2026-05-25T23:12:29,525 LocalSession - [REWARD BREAKDOWN] Run 126 | Dose: 0,60 | doseCost: -0,018 | deathPenalty: -0,000 | trendPenalty: -0,000 | doseBonus: 0,029 | TOTAL: -0,034
INFO  [Thread-3] 2026-05-25T23:12:29,525 LocalSession - Death Neuron: 7, Stressed Neuron: 0, Actual Degen Neuron: 0
INFO  [Thread-3] 2026-05-25T23:12:29,525 LocalSession - - Death Neuron: 7, Stressed Neuron: 0, Actual Degen Neuron: 0 0.0
INFO  [Thread-3] 2026-05-25T23:12:29,525 LocalSession - -0.2745101448421127
INFO  [Thread-3] 2026-05-25T23:12:29,525 LocalSession - - Death Neuron: 7, Stressed Neuron: 0, Actual Degen Neuron: 0 0.1
INFO  [Thread-3] 2026-05-25T23:12:29,525 LocalSession - -0.2719412289482296
INFO  [Thread-3] 2026-05-25T23:12:29,525 LocalSession - - Death Neuron: 7, Stressed Neuron: 0, Actual Degen Neuron: 0 0.2
INFO  [Thread-3] 2026-05-25T23:12:29,525 LocalSession - -0.27141147508085356
INFO  [Thread-3] 2026-05-25T23:12:29,525 LocalSession - - Death Neuron: 7, Stressed Neuron: 0, Actual Degen Neuron: 0 0.30000000000000004
INFO  [Thread-3] 2026-05-25T23:12:29,525 LocalSession - -0.2691211202160146
INFO  [Thread-3] 2026-05-25T23:12:29,525 LocalSession - - Death Neuron: 7, Stressed Neuron: 0, Actual Degen Neuron: 0 0.4
INFO  [Thread-3] 2026-05-25T23:12:29,525 LocalSession - -0.2663440718582389
INFO  [Thread-3] 2026-05-25T23:12:29,525 LocalSession - - Death Neuron: 7, Stressed Neuron: 0, Actual Degen Neuron: 0 0.5
INFO  [Thread-3] 2026-05-25T23:12:29,525 LocalSession - -0.26771870232870754
INFO  [Thread-3] 2026-05-25T23:12:29,525 LocalSession - - Death Neuron: 7, Stressed Neuron: 0, Actual Degen Neuron: 0 0.6000000000000001
INFO  [Thread-3] 2026-05-25T23:12:29,525 LocalSession - -0.2643591817397105
INFO  [Thread-3] 2026-05-25T23:12:29,525 LocalSession - - Death Neuron: 7, Stressed Neuron: 0, Actual Degen Neuron: 0 0.7000000000000001
INFO  [Thread-3] 2026-05-25T23:12:29,525 LocalSession - -0.2640170310191654
INFO  [Thread-3] 2026-05-25T23:12:29,525 LocalSession - - Death Neuron: 7, Stressed Neuron: 0, Actual Degen Neuron: 0 0.8
INFO  [Thread-3] 2026-05-25T23:12:29,525 LocalSession - -0.26209911261776364
INFO  [Thread-3] 2026-05-25T23:12:29,525 LocalSession - - Death Neuron: 7, Stressed Neuron: 0, Actual Degen Neuron: 0 0.9
INFO  [Thread-3] 2026-05-25T23:12:29,525 LocalSession - -0.2609529645936839
INFO  [Thread-3] 2026-05-25T23:12:29,525 LocalSession - - Death Neuron: 7, Stressed Neuron: 0, Actual Degen Neuron: 0 1.0
INFO  [Thread-3] 2026-05-25T23:12:29,525 LocalSession - -0.2605777847956082
INFO  [Thread-3] 2026-05-25T23:12:29,525 LocalSession - Dosaggio 0.7791395345935843
INFO  [Thread-3] 2026-05-25T23:12:29,525 LocalSession - Dosaggio 1.0
INFO  [Thread-3] 2026-05-25T23:12:29,525 LocalSession - Valore CYTO_RELEASE_RATE 3.088972825461118
INFO  [Thread-3] 2026-05-25T23:12:29,525 LocalSession - Valore DEGENERATION_RATE 0.6177945650922236
INFO  [Thread-3] 2026-05-25T23:12:29,525 LocalSession - Valore CYTO_NEURON_THRESHOLD 0.16186610750644634
INFO  [Thread-3] 2026-05-25T23:12:29,525 LocalSession - Valore CYTO_MICROGLIA_THRESHOLD 0.16186610750644634
INFO  [Thread-3] 2026-05-25T23:12:29,525 LocalSession - toxic a: 0.005270713342748445
INFO  [Thread-3] 2026-05-25T23:12:29,526 LocalSession - NEURONI MORTI: 0
INFO  [Thread-3] 2026-05-25T23:12:29,526 LocalSession - NEURONI STRESSATI: 0
INFO  [Thread-3] 2026-05-25T23:12:29,526 LocalSession - MICROGLIE MORTI: 12
INFO  [Thread-3] 2026-05-25T23:12:29,526 LocalSession - [REWARD BREAKDOWN] Run 126 | Dose: 1,00 | doseCost: -0,030 | deathPenalty: -0,000 | trendPenalty: -0,000 | doseBonus: 0,049 | TOTAL: -0,026
INFO  [Thread-3] 2026-05-25T23:12:29,526 LocalSession - Death Neuron: 7, Stressed Neuron: 0, Actual Degen Neuron: 0
INFO  [Thread-3] 2026-05-25T23:12:29,527 LocalSession - Dosaggio 0.8564406974858298
INFO  [Thread-3] 2026-05-25T23:12:29,527 LocalSession - Dosaggio 0.2
INFO  [Thread-3] 2026-05-25T23:12:29,527 LocalSession - Valore CYTO_RELEASE_RATE 3.3635037487644137
INFO  [Thread-3] 2026-05-25T23:12:29,527 LocalSession - Valore DEGENERATION_RATE 0.6727007497528827
INFO  [Thread-3] 2026-05-25T23:12:29,527 LocalSession - Valore CYTO_NEURON_THRESHOLD 0.14865451172285926
INFO  [Thread-3] 2026-05-25T23:12:29,527 LocalSession - Valore CYTO_MICROGLIA_THRESHOLD 0.14865451172285926
INFO  [Thread-3] 2026-05-25T23:12:29,527 LocalSession - toxic a: 0.004188788152812206
INFO  [Thread-3] 2026-05-25T23:12:29,527 LocalSession - NEURONI MORTI: 0
INFO  [Thread-3] 2026-05-25T23:12:29,527 LocalSession - NEURONI STRESSATI: 0
INFO  [Thread-3] 2026-05-25T23:12:29,527 LocalSession - MICROGLIE MORTI: 12
INFO  [Thread-3] 2026-05-25T23:12:29,527 LocalSession - [REWARD BREAKDOWN] Run 126 | Dose: 0,20 | doseCost: -0,006 | deathPenalty: -0,000 | trendPenalty: -0,000 | doseBonus: 0,010 | TOTAL: -0,041
INFO  [Thread-3] 2026-05-25T23:12:29,527 LocalSession - Death Neuron: 7, Stressed Neuron: 0, Actual Degen Neuron: 0
INFO  [Thread-3] 2026-05-25T23:12:29,527 LocalSession - Dosaggio 0.6266864533657893
INFO  [Thread-3] 2026-05-25T23:12:29,527 LocalSession - Dosaggio 0.2
INFO  [Thread-3] 2026-05-25T23:12:29,527 LocalSession - Valore CYTO_RELEASE_RATE 3.596482266664413
INFO  [Thread-3] 2026-05-25T23:12:29,527 LocalSession - Valore DEGENERATION_RATE 0.7192964533328826
INFO  [Thread-3] 2026-05-25T23:12:29,527 LocalSession - Valore CYTO_NEURON_THRESHOLD 0.13902473872457313
INFO  [Thread-3] 2026-05-25T23:12:29,527 LocalSession - Valore CYTO_MICROGLIA_THRESHOLD 0.13902473872457313
INFO  [Thread-3] 2026-05-25T23:12:29,527 LocalSession - toxic a: 0.003607702740286206
INFO  [Thread-3] 2026-05-25T23:12:29,529 LocalSession - NEURONI MORTI: 0
INFO  [Thread-3] 2026-05-25T23:12:29,529 LocalSession - NEURONI STRESSATI: 0
INFO  [Thread-3] 2026-05-25T23:12:29,529 LocalSession - MICROGLIE MORTI: 12
INFO  [Thread-3] 2026-05-25T23:12:29,529 LocalSession - [REWARD BREAKDOWN] Run 126 | Dose: 0,20 | doseCost: -0,006 | deathPenalty: -0,000 | trendPenalty: -0,000 | doseBonus: 0,010 | TOTAL: -0,041
INFO  [Thread-3] 2026-05-25T23:12:29,529 LocalSession - Death Neuron: 7, Stressed Neuron: 0, Actual Degen Neuron: 0
INFO  [Thread-3] 2026-05-25T23:12:29,529 LocalSession - - Death Neuron: 7, Stressed Neuron: 0, Actual Degen Neuron: 0 0.0
INFO  [Thread-3] 2026-05-25T23:12:29,529 LocalSession - -0.2745101448421127
INFO  [Thread-3] 2026-05-25T23:12:29,529 LocalSession - - Death Neuron: 7, Stressed Neuron: 0, Actual Degen Neuron: 0 0.1
INFO  [Thread-3] 2026-05-25T23:12:29,529 LocalSession - -0.2719412289482296
INFO  [Thread-3] 2026-05-25T23:12:29,529 LocalSession - - Death Neuron: 7, Stressed Neuron: 0, Actual Degen Neuron: 0 0.2
INFO  [Thread-3] 2026-05-25T23:12:29,529 LocalSession - -0.2722607338099915
INFO  [Thread-3] 2026-05-25T23:12:29,529 LocalSession - - Death Neuron: 7, Stressed Neuron: 0, Actual Degen Neuron: 0 0.30000000000000004
INFO  [Thread-3] 2026-05-25T23:12:29,529 LocalSession - -0.2691211202160146
INFO  [Thread-3] 2026-05-25T23:12:29,529 LocalSession - - Death Neuron: 7, Stressed Neuron: 0, Actual Degen Neuron: 0 0.4
INFO  [Thread-3] 2026-05-25T23:12:29,529 LocalSession - -0.2663440718582389
INFO  [Thread-3] 2026-05-25T23:12:29,529 LocalSession - - Death Neuron: 7, Stressed Neuron: 0, Actual Degen Neuron: 0 0.5
INFO  [Thread-3] 2026-05-25T23:12:29,529 LocalSession - -0.26771870232870754
INFO  [Thread-3] 2026-05-25T23:12:29,529 LocalSession - - Death Neuron: 7, Stressed Neuron: 0, Actual Degen Neuron: 0 0.6000000000000001
INFO  [Thread-3] 2026-05-25T23:12:29,529 LocalSession - -0.2643591817397105
INFO  [Thread-3] 2026-05-25T23:12:29,529 LocalSession - - Death Neuron: 7, Stressed Neuron: 0, Actual Degen Neuron: 0 0.7000000000000001
INFO  [Thread-3] 2026-05-25T23:12:29,529 LocalSession - -0.2640170310191654
INFO  [Thread-3] 2026-05-25T23:12:29,529 LocalSession - - Death Neuron: 7, Stressed Neuron: 0, Actual Degen Neuron: 0 0.8
INFO  [Thread-3] 2026-05-25T23:12:29,529 LocalSession - -0.26209911261776364
INFO  [Thread-3] 2026-05-25T23:12:29,529 LocalSession - - Death Neuron: 7, Stressed Neuron: 0, Actual Degen Neuron: 0 0.9
INFO  [Thread-3] 2026-05-25T23:12:29,529 LocalSession - -0.2609529645936839
INFO  [Thread-3] 2026-05-25T23:12:29,529 LocalSession - - Death Neuron: 7, Stressed Neuron: 0, Actual Degen Neuron: 0 1.0
INFO  [Thread-3] 2026-05-25T23:12:29,529 LocalSession - -0.2605849101734586
INFO  [Thread-3] 2026-05-25T23:12:29,529 LocalSession - Dosaggio 0.47734619468776307
INFO  [Thread-3] 2026-05-25T23:12:29,529 LocalSession - Dosaggio 1.0
INFO  [Thread-3] 2026-05-25T23:12:29,529 LocalSession - Valore CYTO_RELEASE_RATE 3.3178868727573265
INFO  [Thread-3] 2026-05-25T23:12:29,529 LocalSession - Valore DEGENERATION_RATE 0.6635773745514653
INFO  [Thread-3] 2026-05-25T23:12:29,529 LocalSession - Valore CYTO_NEURON_THRESHOLD 0.15069832897438606
INFO  [Thread-3] 2026-05-25T23:12:29,529 LocalSession - Valore CYTO_MICROGLIA_THRESHOLD 0.15069832897438606
INFO  [Thread-3] 2026-05-25T23:12:29,529 LocalSession - toxic a: 0.004331873128281489
INFO  [Thread-3] 2026-05-25T23:12:29,530 LocalSession - NEURONI MORTI: 0
INFO  [Thread-3] 2026-05-25T23:12:29,530 LocalSession - NEURONI STRESSATI: 0
INFO  [Thread-3] 2026-05-25T23:12:29,530 LocalSession - MICROGLIE MORTI: 12
INFO  [Thread-3] 2026-05-25T23:12:29,530 LocalSession - [REWARD BREAKDOWN] Run 126 | Dose: 1,00 | doseCost: -0,030 | deathPenalty: -0,000 | trendPenalty: -0,000 | doseBonus: 0,049 | TOTAL: -0,026
INFO  [Thread-3] 2026-05-25T23:12:29,530 LocalSession - Death Neuron: 7, Stressed Neuron: 0, Actual Degen Neuron: 0
INFO  [Thread-3] 2026-05-25T23:12:29,530 LocalSession - Dosaggio 0.6602750265470461
INFO  [Thread-3] 2026-05-25T23:12:29,530 LocalSession - Dosaggio 1.0
INFO  [Thread-3] 2026-05-25T23:12:29,530 LocalSession - Valore CYTO_RELEASE_RATE 3.1722830953882664
INFO  [Thread-3] 2026-05-25T23:12:29,530 LocalSession - Valore DEGENERATION_RATE 0.6344566190776533
INFO  [Thread-3] 2026-05-25T23:12:29,530 LocalSession - Valore CYTO_NEURON_THRESHOLD 0.15761519146177713
INFO  [Thread-3] 2026-05-25T23:12:29,530 LocalSession - Valore CYTO_MICROGLIA_THRESHOLD 0.15761519146177713
INFO  [Thread-3] 2026-05-25T23:12:29,530 LocalSession - toxic a: 0.004878821926992106
INFO  [Thread-3] 2026-05-25T23:12:29,533 LocalSession - NEURONI MORTI: 0
INFO  [Thread-3] 2026-05-25T23:12:29,533 LocalSession - NEURONI STRESSATI: 0
INFO  [Thread-3] 2026-05-25T23:12:29,533 LocalSession - MICROGLIE MORTI: 12
INFO  [Thread-3] 2026-05-25T23:12:29,533 LocalSession - [REWARD BREAKDOWN] Run 126 | Dose: 1,00 | doseCost: -0,030 | deathPenalty: -0,000 | trendPenalty: -0,000 | doseBonus: 0,049 | TOTAL: -0,026
INFO  [Thread-3] 2026-05-25T23:12:29,533 LocalSession - Death Neuron: 7, Stressed Neuron: 0, Actual Degen Neuron: 0
INFO  [Thread-3] 2026-05-25T23:12:29,533 LocalSession - Dosaggio 0.7791787672555799
INFO  [Thread-3] 2026-05-25T23:12:29,533 LocalSession - Dosaggio 0.1
INFO  [Thread-3] 2026-05-25T23:12:29,533 LocalSession - Valore CYTO_RELEASE_RATE 3.489831230637779
INFO  [Thread-3] 2026-05-25T23:12:29,533 LocalSession - Valore DEGENERATION_RATE 0.6979662461275558
INFO  [Thread-3] 2026-05-25T23:12:29,533 LocalSession - Valore CYTO_NEURON_THRESHOLD 0.14327340619254067
INFO  [Thread-3] 2026-05-25T23:12:29,533 LocalSession - Valore CYTO_MICROGLIA_THRESHOLD 0.14327340619254067
INFO  [Thread-3] 2026-05-25T23:12:29,533 LocalSession - toxic a: 0.003846606048935263
INFO  [Thread-3] 2026-05-25T23:12:29,535 LocalSession - NEURONI MORTI: 0
INFO  [Thread-3] 2026-05-25T23:12:29,535 LocalSession - NEURONI STRESSATI: 0
INFO  [Thread-3] 2026-05-25T23:12:29,535 LocalSession - MICROGLIE MORTI: 12
INFO  [Thread-3] 2026-05-25T23:12:29,535 LocalSession - [REWARD BREAKDOWN] Run 126 | Dose: 0,10 | doseCost: -0,003 | deathPenalty: -0,000 | trendPenalty: -0,000 | doseBonus: 0,005 | TOTAL: -0,043
INFO  [Thread-3] 2026-05-25T23:12:29,535 LocalSession - Death Neuron: 7, Stressed Neuron: 0, Actual Degen Neuron: 0
INFO  [Thread-3] 2026-05-25T23:12:29,535 LocalSession - Dosaggio 0.541466198716127
INFO  [Thread-3] 2026-05-25T23:12:29,535 LocalSession - Dosaggio 0.4
INFO  [Thread-3] 2026-05-25T23:12:29,535 LocalSession - Valore CYTO_RELEASE_RATE 3.571209147427277
INFO  [Thread-3] 2026-05-25T23:12:29,535 LocalSession - Valore DEGENERATION_RATE 0.7142418294854554
INFO  [Thread-3] 2026-05-25T23:12:29,535 LocalSession - Valore CYTO_NEURON_THRESHOLD 0.14000860403563425
INFO  [Thread-3] 2026-05-25T23:12:29,535 LocalSession - Valore CYTO_MICROGLIA_THRESHOLD 0.14000860403563425
INFO  [Thread-3] 2026-05-25T23:12:29,535 LocalSession - toxic a: 0.00366078660685853
INFO  [Thread-3] 2026-05-25T23:12:29,535 LocalSession - NEURONI MORTI: 0
INFO  [Thread-3] 2026-05-25T23:12:29,535 LocalSession - NEURONI STRESSATI: 0
INFO  [Thread-3] 2026-05-25T23:12:29,535 LocalSession - MICROGLIE MORTI: 12
INFO  [Thread-3] 2026-05-25T23:12:29,535 LocalSession - [REWARD BREAKDOWN] Run 126 | Dose: 0,40 | doseCost: -0,012 | deathPenalty: -0,000 | trendPenalty: -0,000 | doseBonus: 0,020 | TOTAL: -0,038
INFO  [Thread-3] 2026-05-25T23:12:29,535 LocalSession - Death Neuron: 7, Stressed Neuron: 0, Actual Degen Neuron: 0
INFO  [Thread-3] 2026-05-25T23:12:29,535 LocalSession - - Death Neuron: 7, Stressed Neuron: 0, Actual Degen Neuron: 0 0.0
INFO  [Thread-3] 2026-05-25T23:12:29,535 LocalSession - -0.2745101448421127
INFO  [Thread-3] 2026-05-25T23:12:29,535 LocalSession - - Death Neuron: 7, Stressed Neuron: 0, Actual Degen Neuron: 0 0.1
INFO  [Thread-3] 2026-05-25T23:12:29,535 LocalSession - -0.2725268178142521
INFO  [Thread-3] 2026-05-25T23:12:29,535 LocalSession - - Death Neuron: 7, Stressed Neuron: 0, Actual Degen Neuron: 0 0.2
INFO  [Thread-3] 2026-05-25T23:12:29,535 LocalSession - -0.2722607338099915
INFO  [Thread-3] 2026-05-25T23:12:29,535 LocalSession - - Death Neuron: 7, Stressed Neuron: 0, Actual Degen Neuron: 0 0.30000000000000004
INFO  [Thread-3] 2026-05-25T23:12:29,535 LocalSession - -0.2691211202160146
INFO  [Thread-3] 2026-05-25T23:12:29,535 LocalSession - - Death Neuron: 7, Stressed Neuron: 0, Actual Degen Neuron: 0 0.4
INFO  [Thread-3] 2026-05-25T23:12:29,535 LocalSession - -0.26691840869132494
INFO  [Thread-3] 2026-05-25T23:12:29,535 LocalSession - - Death Neuron: 7, Stressed Neuron: 0, Actual Degen Neuron: 0 0.5
INFO  [Thread-3] 2026-05-25T23:12:29,535 LocalSession - -0.26771870232870754
INFO  [Thread-3] 2026-05-25T23:12:29,535 LocalSession - - Death Neuron: 7, Stressed Neuron: 0, Actual Degen Neuron: 0 0.6000000000000001
INFO  [Thread-3] 2026-05-25T23:12:29,535 LocalSession - -0.2643591817397105
INFO  [Thread-3] 2026-05-25T23:12:29,535 LocalSession - - Death Neuron: 7, Stressed Neuron: 0, Actual Degen Neuron: 0 0.7000000000000001
INFO  [Thread-3] 2026-05-25T23:12:29,535 LocalSession - -0.2640170310191654
INFO  [Thread-3] 2026-05-25T23:12:29,535 LocalSession - - Death Neuron: 7, Stressed Neuron: 0, Actual Degen Neuron: 0 0.8
INFO  [Thread-3] 2026-05-25T23:12:29,535 LocalSession - -0.26209911261776364
INFO  [Thread-3] 2026-05-25T23:12:29,536 LocalSession - - Death Neuron: 7, Stressed Neuron: 0, Actual Degen Neuron: 0 0.9
INFO  [Thread-3] 2026-05-25T23:12:29,536 LocalSession - -0.2609529645936839
INFO  [Thread-3] 2026-05-25T23:12:29,536 LocalSession - - Death Neuron: 7, Stressed Neuron: 0, Actual Degen Neuron: 0 1.0
INFO  [Thread-3] 2026-05-25T23:12:29,536 LocalSession - -0.2605989478803616
INFO  [Thread-3] 2026-05-25T23:12:29,536 LocalSession - Dosaggio 0.49195302916548256
INFO  [Thread-3] 2026-05-25T23:12:29,536 LocalSession - Dosaggio 1.0
INFO  [Thread-3] 2026-05-25T23:12:29,537 LocalSession - Valore CYTO_RELEASE_RATE 3.3053795744148493
INFO  [Thread-3] 2026-05-25T23:12:29,538 LocalSession - Valore DEGENERATION_RATE 0.6610759148829699
INFO  [Thread-3] 2026-05-25T23:12:29,538 LocalSession - Valore CYTO_NEURON_THRESHOLD 0.1512685596900306
INFO  [Thread-3] 2026-05-25T23:12:29,538 LocalSession - Valore CYTO_MICROGLIA_THRESHOLD 0.1512685596900306
INFO  [Thread-3] 2026-05-25T23:12:29,538 LocalSession - toxic a: 0.0043731977147494746
INFO  [Thread-3] 2026-05-25T23:12:29,538 LocalSession - NEURONI MORTI: 0
INFO  [Thread-3] 2026-05-25T23:12:29,538 LocalSession - NEURONI STRESSATI: 0
INFO  [Thread-3] 2026-05-25T23:12:29,538 LocalSession - MICROGLIE MORTI: 12
INFO  [Thread-3] 2026-05-25T23:12:29,538 LocalSession - [REWARD BREAKDOWN] Run 126 | Dose: 1,00 | doseCost: -0,030 | deathPenalty: -0,000 | trendPenalty: -0,000 | doseBonus: 0,049 | TOTAL: -0,026
INFO  [Thread-3] 2026-05-25T23:12:29,538 LocalSession - Death Neuron: 7, Stressed Neuron: 0, Actual Degen Neuron: 0
INFO  [Thread-3] 2026-05-25T23:12:29,539 LocalSession - Dosaggio 0.6697694689575637
INFO  [Thread-3] 2026-05-25T23:12:29,539 LocalSession - Dosaggio 0.6000000000000001
INFO  [Thread-3] 2026-05-25T23:12:29,539 LocalSession - Valore CYTO_RELEASE_RATE 3.337887944541414
INFO  [Thread-3] 2026-05-25T23:12:29,539 LocalSession - Valore DEGENERATION_RATE 0.6675775889082828
INFO  [Thread-3] 2026-05-25T23:12:29,539 LocalSession - Valore CYTO_NEURON_THRESHOLD 0.14979532439615034
INFO  [Thread-3] 2026-05-25T23:12:29,539 LocalSession - Valore CYTO_MICROGLIA_THRESHOLD 0.14979532439615034
INFO  [Thread-3] 2026-05-25T23:12:29,539 LocalSession - toxic a: 0.004267700552454368
INFO  [Thread-3] 2026-05-25T23:12:29,539 LocalSession - NEURONI MORTI: 0
INFO  [Thread-3] 2026-05-25T23:12:29,540 LocalSession - NEURONI STRESSATI: 0
INFO  [Thread-3] 2026-05-25T23:12:29,540 LocalSession - MICROGLIE MORTI: 12
INFO  [Thread-3] 2026-05-25T23:12:29,540 LocalSession - [REWARD BREAKDOWN] Run 126 | Dose: 0,60 | doseCost: -0,018 | deathPenalty: -0,000 | trendPenalty: -0,000 | doseBonus: 0,029 | TOTAL: -0,034
INFO  [Thread-3] 2026-05-25T23:12:29,540 LocalSession - Death Neuron: 7, Stressed Neuron: 0, Actual Degen Neuron: 0
INFO  [Thread-3] 2026-05-25T23:12:29,540 LocalSession - - Death Neuron: 7, Stressed Neuron: 0, Actual Degen Neuron: 0 0.0
INFO  [Thread-3] 2026-05-25T23:12:29,540 LocalSession - -0.2745101448421127
INFO  [Thread-3] 2026-05-25T23:12:29,540 LocalSession - - Death Neuron: 7, Stressed Neuron: 0, Actual Degen Neuron: 0 0.1
INFO  [Thread-3] 2026-05-25T23:12:29,540 LocalSession - -0.2725268178142521
INFO  [Thread-3] 2026-05-25T23:12:29,540 LocalSession - - Death Neuron: 7, Stressed Neuron: 0, Actual Degen Neuron: 0 0.2
INFO  [Thread-3] 2026-05-25T23:12:29,540 LocalSession - -0.2722607338099915
INFO  [Thread-3] 2026-05-25T23:12:29,540 LocalSession - - Death Neuron: 7, Stressed Neuron: 0, Actual Degen Neuron: 0 0.30000000000000004
INFO  [Thread-3] 2026-05-25T23:12:29,540 LocalSession - -0.2691211202160146
INFO  [Thread-3] 2026-05-25T23:12:29,540 LocalSession - - Death Neuron: 7, Stressed Neuron: 0, Actual Degen Neuron: 0 0.4
INFO  [Thread-3] 2026-05-25T23:12:29,540 LocalSession - -0.26691840869132494
INFO  [Thread-3] 2026-05-25T23:12:29,540 LocalSession - - Death Neuron: 7, Stressed Neuron: 0, Actual Degen Neuron: 0 0.5
INFO  [Thread-3] 2026-05-25T23:12:29,540 LocalSession - -0.26771870232870754
INFO  [Thread-3] 2026-05-25T23:12:29,540 LocalSession - - Death Neuron: 7, Stressed Neuron: 0, Actual Degen Neuron: 0 0.6000000000000001
INFO  [Thread-3] 2026-05-25T23:12:29,540 LocalSession - -0.26475198466058936
INFO  [Thread-3] 2026-05-25T23:12:29,540 LocalSession - - Death Neuron: 7, Stressed Neuron: 0, Actual Degen Neuron: 0 0.7000000000000001
INFO  [Thread-3] 2026-05-25T23:12:29,540 LocalSession - -0.2640170310191654
INFO  [Thread-3] 2026-05-25T23:12:29,540 LocalSession - - Death Neuron: 7, Stressed Neuron: 0, Actual Degen Neuron: 0 0.8
INFO  [Thread-3] 2026-05-25T23:12:29,540 LocalSession - -0.26209911261776364
INFO  [Thread-3] 2026-05-25T23:12:29,540 LocalSession - - Death Neuron: 7, Stressed Neuron: 0, Actual Degen Neuron: 0 0.9
INFO  [Thread-3] 2026-05-25T23:12:29,540 LocalSession - -0.2609529645936839
INFO  [Thread-3] 2026-05-25T23:12:29,540 LocalSession - - Death Neuron: 7, Stressed Neuron: 0, Actual Degen Neuron: 0 1.0
INFO  [Thread-3] 2026-05-25T23:12:29,540 LocalSession - -0.26060586162736443
INFO  [Thread-3] 2026-05-25T23:12:29,540 LocalSession - Dosaggio 0.6453501548224165
INFO  [Thread-3] 2026-05-25T23:12:29,540 LocalSession - Dosaggio 1.0
INFO  [Thread-3] 2026-05-25T23:12:29,540 LocalSession - Valore CYTO_RELEASE_RATE 3.1833257658412735
INFO  [Thread-3] 2026-05-25T23:12:29,540 LocalSession - Valore DEGENERATION_RATE 0.6366651531682547
INFO  [Thread-3] 2026-05-25T23:12:29,540 LocalSession - Valore CYTO_NEURON_THRESHOLD 0.15706843855436928
INFO  [Thread-3] 2026-05-25T23:12:29,540 LocalSession - Valore CYTO_MICROGLIA_THRESHOLD 0.15706843855436928
INFO  [Thread-3] 2026-05-25T23:12:29,540 LocalSession - toxic a: 0.004831720501355903
INFO  [Thread-3] 2026-05-25T23:12:29,543 LocalSession - NEURONI MORTI: 0
INFO  [Thread-3] 2026-05-25T23:12:29,543 LocalSession - NEURONI STRESSATI: 0
INFO  [Thread-3] 2026-05-25T23:12:29,543 LocalSession - MICROGLIE MORTI: 12
INFO  [Thread-3] 2026-05-25T23:12:29,543 LocalSession - [REWARD BREAKDOWN] Run 126 | Dose: 1,00 | doseCost: -0,030 | deathPenalty: -0,000 | trendPenalty: -0,000 | doseBonus: 0,049 | TOTAL: -0,026
INFO  [Thread-3] 2026-05-25T23:12:29,543 LocalSession - Death Neuron: 7, Stressed Neuron: 0, Actual Degen Neuron: 0
INFO  [Thread-3] 2026-05-25T23:12:29,543 LocalSession - - Death Neuron: 7, Stressed Neuron: 0, Actual Degen Neuron: 0 0.0
INFO  [Thread-3] 2026-05-25T23:12:29,543 LocalSession - -0.2745101448421127
INFO  [Thread-3] 2026-05-25T23:12:29,543 LocalSession - - Death Neuron: 7, Stressed Neuron: 0, Actual Degen Neuron: 0 0.1
INFO  [Thread-3] 2026-05-25T23:12:29,543 LocalSession - -0.2725268178142521
INFO  [Thread-3] 2026-05-25T23:12:29,543 LocalSession - - Death Neuron: 7, Stressed Neuron: 0, Actual Degen Neuron: 0 0.2
INFO  [Thread-3] 2026-05-25T23:12:29,543 LocalSession - -0.2722607338099915
INFO  [Thread-3] 2026-05-25T23:12:29,543 LocalSession - - Death Neuron: 7, Stressed Neuron: 0, Actual Degen Neuron: 0 0.30000000000000004
INFO  [Thread-3] 2026-05-25T23:12:29,543 LocalSession - -0.2691211202160146
INFO  [Thread-3] 2026-05-25T23:12:29,543 LocalSession - - Death Neuron: 7, Stressed Neuron: 0, Actual Degen Neuron: 0 0.4
INFO  [Thread-3] 2026-05-25T23:12:29,543 LocalSession - -0.26691840869132494
INFO  [Thread-3] 2026-05-25T23:12:29,543 LocalSession - - Death Neuron: 7, Stressed Neuron: 0, Actual Degen Neuron: 0 0.5
INFO  [Thread-3] 2026-05-25T23:12:29,543 LocalSession - -0.26771870232870754
INFO  [Thread-3] 2026-05-25T23:12:29,543 LocalSession - - Death Neuron: 7, Stressed Neuron: 0, Actual Degen Neuron: 0 0.6000000000000001
INFO  [Thread-3] 2026-05-25T23:12:29,543 LocalSession - -0.26475198466058936
INFO  [Thread-3] 2026-05-25T23:12:29,543 LocalSession - - Death Neuron: 7, Stressed Neuron: 0, Actual Degen Neuron: 0 0.7000000000000001
INFO  [Thread-3] 2026-05-25T23:12:29,543 LocalSession - -0.2640170310191654
INFO  [Thread-3] 2026-05-25T23:12:29,543 LocalSession - - Death Neuron: 7, Stressed Neuron: 0, Actual Degen Neuron: 0 0.8
INFO  [Thread-3] 2026-05-25T23:12:29,543 LocalSession - -0.26209911261776364
INFO  [Thread-3] 2026-05-25T23:12:29,543 LocalSession - - Death Neuron: 7, Stressed Neuron: 0, Actual Degen Neuron: 0 0.9
INFO  [Thread-3] 2026-05-25T23:12:29,543 LocalSession - -0.2609529645936839
INFO  [Thread-3] 2026-05-25T23:12:29,543 LocalSession - - Death Neuron: 7, Stressed Neuron: 0, Actual Degen Neuron: 0 1.0
INFO  [Thread-3] 2026-05-25T23:12:29,543 LocalSession - -0.26061270623689725
INFO  [Thread-3] 2026-05-25T23:12:29,543 LocalSession - Dosaggio 0.7694776006345707
INFO  [Thread-3] 2026-05-25T23:12:29,543 LocalSession - Dosaggio 1.0
INFO  [Thread-3] 2026-05-25T23:12:29,543 LocalSession - Valore CYTO_RELEASE_RATE 3.0954532029386357
INFO  [Thread-3] 2026-05-25T23:12:29,543 LocalSession - Valore DEGENERATION_RATE 0.6190906405877271
INFO  [Thread-3] 2026-05-25T23:12:29,543 LocalSession - Valore CYTO_NEURON_THRESHOLD 0.16152723839465927
INFO  [Thread-3] 2026-05-25T23:12:29,543 LocalSession - Valore CYTO_MICROGLIA_THRESHOLD 0.16152723839465927
INFO  [Thread-3] 2026-05-25T23:12:29,543 LocalSession - toxic a: 0.0052377156335013325
INFO  [Thread-3] 2026-05-25T23:12:29,543 LocalSession - NEURONI MORTI: 0
INFO  [Thread-3] 2026-05-25T23:12:29,543 LocalSession - NEURONI STRESSATI: 0
INFO  [Thread-3] 2026-05-25T23:12:29,543 LocalSession - MICROGLIE MORTI: 12
INFO  [Thread-3] 2026-05-25T23:12:29,543 LocalSession - [REWARD BREAKDOWN] Run 126 | Dose: 1,00 | doseCost: -0,030 | deathPenalty: -0,000 | trendPenalty: -0,000 | doseBonus: 0,049 | TOTAL: -0,026
INFO  [Thread-3] 2026-05-25T23:12:29,543 LocalSession - Death Neuron: 7, Stressed Neuron: 0, Actual Degen Neuron: 0
INFO  [Thread-3] 2026-05-25T23:12:29,543 LocalSession - Dosaggio 0.850160440412471
INFO  [Thread-3] 2026-05-25T23:12:29,543 LocalSession - Dosaggio 0.2
INFO  [Thread-3] 2026-05-25T23:12:29,543 LocalSession - Valore CYTO_RELEASE_RATE 3.3691985812026277
INFO  [Thread-3] 2026-05-25T23:12:29,543 LocalSession - Valore DEGENERATION_RATE 0.6738397162405255
INFO  [Thread-3] 2026-05-25T23:12:29,543 LocalSession - Valore CYTO_NEURON_THRESHOLD 0.14840324646940423
INFO  [Thread-3] 2026-05-25T23:12:29,543 LocalSession - Valore CYTO_MICROGLIA_THRESHOLD 0.14840324646940423
INFO  [Thread-3] 2026-05-25T23:12:29,543 LocalSession - toxic a: 0.004171723673360901
INFO  [Thread-3] 2026-05-25T23:12:29,545 LocalSession - NEURONI MORTI: 0
INFO  [Thread-3] 2026-05-25T23:12:29,545 LocalSession - NEURONI STRESSATI: 0
INFO  [Thread-3] 2026-05-25T23:12:29,545 LocalSession - MICROGLIE MORTI: 12
INFO  [Thread-3] 2026-05-25T23:12:29,545 LocalSession - [REWARD BREAKDOWN] Run 126 | Dose: 0,20 | doseCost: -0,006 | deathPenalty: -0,000 | trendPenalty: -0,000 | doseBonus: 0,010 | TOTAL: -0,041
INFO  [Thread-3] 2026-05-25T23:12:29,545 LocalSession - Death Neuron: 7, Stressed Neuron: 0, Actual Degen Neuron: 0
INFO  [Thread-3] 2026-05-25T23:12:29,545 LocalSession - - Death Neuron: 7, Stressed Neuron: 0, Actual Degen Neuron: 0 0.0
INFO  [Thread-3] 2026-05-25T23:12:29,545 LocalSession - -0.2745101448421127
INFO  [Thread-3] 2026-05-25T23:12:29,545 LocalSession - - Death Neuron: 7, Stressed Neuron: 0, Actual Degen Neuron: 0 0.1
INFO  [Thread-3] 2026-05-25T23:12:29,545 LocalSession - -0.2725268178142521
INFO  [Thread-3] 2026-05-25T23:12:29,545 LocalSession - - Death Neuron: 7, Stressed Neuron: 0, Actual Degen Neuron: 0 0.2
INFO  [Thread-3] 2026-05-25T23:12:29,545 LocalSession - -0.2726258977159902
INFO  [Thread-3] 2026-05-25T23:12:29,545 LocalSession - - Death Neuron: 7, Stressed Neuron: 0, Actual Degen Neuron: 0 0.30000000000000004
INFO  [Thread-3] 2026-05-25T23:12:29,545 LocalSession - -0.2691211202160146
INFO  [Thread-3] 2026-05-25T23:12:29,545 LocalSession - - Death Neuron: 7, Stressed Neuron: 0, Actual Degen Neuron: 0 0.4
INFO  [Thread-3] 2026-05-25T23:12:29,545 LocalSession - -0.26691840869132494
INFO  [Thread-3] 2026-05-25T23:12:29,545 LocalSession - - Death Neuron: 7, Stressed Neuron: 0, Actual Degen Neuron: 0 0.5
INFO  [Thread-3] 2026-05-25T23:12:29,545 LocalSession - -0.26771870232870754
INFO  [Thread-3] 2026-05-25T23:12:29,545 LocalSession - - Death Neuron: 7, Stressed Neuron: 0, Actual Degen Neuron: 0 0.6000000000000001
INFO  [Thread-3] 2026-05-25T23:12:29,545 LocalSession - -0.26475198466058936
INFO  [Thread-3] 2026-05-25T23:12:29,545 LocalSession - - Death Neuron: 7, Stressed Neuron: 0, Actual Degen Neuron: 0 0.7000000000000001
INFO  [Thread-3] 2026-05-25T23:12:29,545 LocalSession - -0.2640170310191654
INFO  [Thread-3] 2026-05-25T23:12:29,545 LocalSession - - Death Neuron: 7, Stressed Neuron: 0, Actual Degen Neuron: 0 0.8
INFO  [Thread-3] 2026-05-25T23:12:29,545 LocalSession - -0.26209911261776364
INFO  [Thread-3] 2026-05-25T23:12:29,545 LocalSession - - Death Neuron: 7, Stressed Neuron: 0, Actual Degen Neuron: 0 0.9
INFO  [Thread-3] 2026-05-25T23:12:29,545 LocalSession - -0.2609529645936839
INFO  [Thread-3] 2026-05-25T23:12:29,545 LocalSession - - Death Neuron: 7, Stressed Neuron: 0, Actual Degen Neuron: 0 1.0
INFO  [Thread-3] 2026-05-25T23:12:29,545 LocalSession - -0.2606194824003347
INFO  [Thread-3] 2026-05-25T23:12:29,545 LocalSession - Dosaggio 0.622604286268106
INFO  [Thread-3] 2026-05-25T23:12:29,545 LocalSession - Dosaggio 1.0
INFO  [Thread-3] 2026-05-25T23:12:29,546 LocalSession - Valore CYTO_RELEASE_RATE 3.2004223719281644
INFO  [Thread-3] 2026-05-25T23:12:29,547 LocalSession - Valore DEGENERATION_RATE 0.6400844743856329
INFO  [Thread-3] 2026-05-25T23:12:29,547 LocalSession - Valore CYTO_NEURON_THRESHOLD 0.15622938142047316
INFO  [Thread-3] 2026-05-25T23:12:29,547 LocalSession - Valore CYTO_MICROGLIA_THRESHOLD 0.15622938142047316
INFO  [Thread-3] 2026-05-25T23:12:29,547 LocalSession - toxic a: 0.004760809901466357
INFO  [Thread-3] 2026-05-25T23:12:29,547 LocalSession - NEURONI MORTI: 0
INFO  [Thread-3] 2026-05-25T23:12:29,547 LocalSession - NEURONI STRESSATI: 0
INFO  [Thread-3] 2026-05-25T23:12:29,547 LocalSession - MICROGLIE MORTI: 12
INFO  [Thread-3] 2026-05-25T23:12:29,547 LocalSession - [REWARD BREAKDOWN] Run 126 | Dose: 1,00 | doseCost: -0,030 | deathPenalty: -0,000 | trendPenalty: -0,000 | doseBonus: 0,049 | TOTAL: -0,026
INFO  [Thread-3] 2026-05-25T23:12:29,547 LocalSession - Death Neuron: 7, Stressed Neuron: 0, Actual Degen Neuron: 0
INFO  [Thread-3] 2026-05-25T23:12:29,547 LocalSession - - Death Neuron: 7, Stressed Neuron: 0, Actual Degen Neuron: 0 0.0
INFO  [Thread-3] 2026-05-25T23:12:29,547 LocalSession - -0.2745101448421127
INFO  [Thread-3] 2026-05-25T23:12:29,547 LocalSession - - Death Neuron: 7, Stressed Neuron: 0, Actual Degen Neuron: 0 0.1
INFO  [Thread-3] 2026-05-25T23:12:29,547 LocalSession - -0.2725268178142521
INFO  [Thread-3] 2026-05-25T23:12:29,547 LocalSession - - Death Neuron: 7, Stressed Neuron: 0, Actual Degen Neuron: 0 0.2
INFO  [Thread-3] 2026-05-25T23:12:29,547 LocalSession - -0.2726258977159902
INFO  [Thread-3] 2026-05-25T23:12:29,547 LocalSession - - Death Neuron: 7, Stressed Neuron: 0, Actual Degen Neuron: 0 0.30000000000000004
INFO  [Thread-3] 2026-05-25T23:12:29,547 LocalSession - -0.2691211202160146
INFO  [Thread-3] 2026-05-25T23:12:29,547 LocalSession - - Death Neuron: 7, Stressed Neuron: 0, Actual Degen Neuron: 0 0.4
INFO  [Thread-3] 2026-05-25T23:12:29,547 LocalSession - -0.26691840869132494
INFO  [Thread-3] 2026-05-25T23:12:29,547 LocalSession - - Death Neuron: 7, Stressed Neuron: 0, Actual Degen Neuron: 0 0.5
INFO  [Thread-3] 2026-05-25T23:12:29,547 LocalSession - -0.26771870232870754
INFO  [Thread-3] 2026-05-25T23:12:29,547 LocalSession - - Death Neuron: 7, Stressed Neuron: 0, Actual Degen Neuron: 0 0.6000000000000001
INFO  [Thread-3] 2026-05-25T23:12:29,547 LocalSession - -0.26475198466058936
INFO  [Thread-3] 2026-05-25T23:12:29,547 LocalSession - - Death Neuron: 7, Stressed Neuron: 0, Actual Degen Neuron: 0 0.7000000000000001
INFO  [Thread-3] 2026-05-25T23:12:29,547 LocalSession - -0.2640170310191654
INFO  [Thread-3] 2026-05-25T23:12:29,547 LocalSession - - Death Neuron: 7, Stressed Neuron: 0, Actual Degen Neuron: 0 0.8
INFO  [Thread-3] 2026-05-25T23:12:29,547 LocalSession - -0.26209911261776364
INFO  [Thread-3] 2026-05-25T23:12:29,547 LocalSession - - Death Neuron: 7, Stressed Neuron: 0, Actual Degen Neuron: 0 0.9
INFO  [Thread-3] 2026-05-25T23:12:29,547 LocalSession - -0.2609529645936839
INFO  [Thread-3] 2026-05-25T23:12:29,547 LocalSession - - Death Neuron: 7, Stressed Neuron: 0, Actual Degen Neuron: 0 1.0
INFO  [Thread-3] 2026-05-25T23:12:29,547 LocalSession - -0.26062619080213784
INFO  [Thread-3] 2026-05-25T23:12:29,547 LocalSession - Dosaggio 0.7546927860742689
INFO  [Thread-3] 2026-05-25T23:12:29,547 LocalSession - Dosaggio 1.0
INFO  [Thread-3] 2026-05-25T23:12:29,548 LocalSession - Valore CYTO_RELEASE_RATE 3.1054654404744317
INFO  [Thread-3] 2026-05-25T23:12:29,548 LocalSession - Valore DEGENERATION_RATE 0.6210930880948864
INFO  [Thread-3] 2026-05-25T23:12:29,548 LocalSession - Valore CYTO_NEURON_THRESHOLD 0.16100646329337157
INFO  [Thread-3] 2026-05-25T23:12:29,548 LocalSession - Valore CYTO_MICROGLIA_THRESHOLD 0.16100646329337157
INFO  [Thread-3] 2026-05-25T23:12:29,548 LocalSession - toxic a: 0.00518762159878017
INFO  [Thread-3] 2026-05-25T23:12:29,549 LocalSession - NEURONI MORTI: 0
INFO  [Thread-3] 2026-05-25T23:12:29,549 LocalSession - NEURONI STRESSATI: 0
INFO  [Thread-3] 2026-05-25T23:12:29,549 LocalSession - MICROGLIE MORTI: 12
INFO  [Thread-3] 2026-05-25T23:12:29,549 LocalSession - [REWARD BREAKDOWN] Run 126 | Dose: 1,00 | doseCost: -0,030 | deathPenalty: -0,000 | trendPenalty: -0,000 | doseBonus: 0,049 | TOTAL: -0,026
INFO  [Thread-3] 2026-05-25T23:12:29,549 LocalSession - EPISODE WON at step: 1200.0
INFO  [Thread-3] 2026-05-25T23:12:29,549 LocalSession - Death Neuron: 7, Stressed Neuron: 0, Actual Degen Neuron: 0
INFO  [Thread-3] 2026-05-25T23:12:29,549 LocalSession - Map has been saved.
INFO  [Thread-3] 2026-05-25T23:12:29,558 LocalSession - - Death Neuron: 7, Stressed Neuron: 0, Actual Degen Neuron: 0 0.0
INFO  [Thread-3] 2026-05-25T23:12:29,558 LocalSession - -0.2745101448421127
INFO  [Thread-3] 2026-05-25T23:12:29,558 LocalSession - - Death Neuron: 7, Stressed Neuron: 0, Actual Degen Neuron: 0 0.1
INFO  [Thread-3] 2026-05-25T23:12:29,558 LocalSession - -0.2725268178142521
INFO  [Thread-3] 2026-05-25T23:12:29,558 LocalSession - - Death Neuron: 7, Stressed Neuron: 0, Actual Degen Neuron: 0 0.2
INFO  [Thread-3] 2026-05-25T23:12:29,558 LocalSession - -0.2726258977159902
INFO  [Thread-3] 2026-05-25T23:12:29,558 LocalSession - - Death Neuron: 7, Stressed Neuron: 0, Actual Degen Neuron: 0 0.30000000000000004
INFO  [Thread-3] 2026-05-25T23:12:29,558 LocalSession - -0.2691211202160146
INFO  [Thread-3] 2026-05-25T23:12:29,558 LocalSession - - Death Neuron: 7, Stressed Neuron: 0, Actual Degen Neuron: 0 0.4
INFO  [Thread-3] 2026-05-25T23:12:29,558 LocalSession - -0.26691840869132494
INFO  [Thread-3] 2026-05-25T23:12:29,558 LocalSession - - Death Neuron: 7, Stressed Neuron: 0, Actual Degen Neuron: 0 0.5
INFO  [Thread-3] 2026-05-25T23:12:29,558 LocalSession - -0.26771870232870754
INFO  [Thread-3] 2026-05-25T23:12:29,558 LocalSession - - Death Neuron: 7, Stressed Neuron: 0, Actual Degen Neuron: 0 0.6000000000000001
INFO  [Thread-3] 2026-05-25T23:12:29,558 LocalSession - -0.26475198466058936
INFO  [Thread-3] 2026-05-25T23:12:29,558 LocalSession - - Death Neuron: 7, Stressed Neuron: 0, Actual Degen Neuron: 0 0.7000000000000001
INFO  [Thread-3] 2026-05-25T23:12:29,558 LocalSession - -0.2640170310191654
INFO  [Thread-3] 2026-05-25T23:12:29,558 LocalSession - - Death Neuron: 7, Stressed Neuron: 0, Actual Degen Neuron: 0 0.8
INFO  [Thread-3] 2026-05-25T23:12:29,558 LocalSession - -0.26209911261776364
INFO  [Thread-3] 2026-05-25T23:12:29,558 LocalSession - - Death Neuron: 7, Stressed Neuron: 0, Actual Degen Neuron: 0 0.9
INFO  [Thread-3] 2026-05-25T23:12:29,558 LocalSession - -0.2609529645936839
INFO  [Thread-3] 2026-05-25T23:12:29,558 LocalSession - - Death Neuron: 7, Stressed Neuron: 0, Actual Degen Neuron: 0 1.0
INFO  [Thread-3] 2026-05-25T23:12:29,558 LocalSession - 0.23936716788007711
INFO  [Thread-3] 2026-05-25T23:12:29,558 LocalSession - Dosaggio 0.8405503109482748
INFO  [Thread-3] 2026-05-25T23:12:29,558 LocalSession - Dosaggio 1.0
INFO  [Thread-3] 2026-05-25T23:12:29,558 LocalSession - Valore CYTO_RELEASE_RATE 3.0489012401105664
INFO  [Thread-3] 2026-05-25T23:12:29,558 LocalSession - Valore DEGENERATION_RATE 0.6097802480221133
INFO  [Thread-3] 2026-05-25T23:12:29,558 LocalSession - Valore CYTO_NEURON_THRESHOLD 0.16399350719292188
INFO  [Thread-3] 2026-05-25T23:12:29,558 LocalSession - Valore CYTO_MICROGLIA_THRESHOLD 0.16399350719292188
INFO  [Thread-3] 2026-05-25T23:12:29,558 LocalSession - toxic a: 0.005485359956443264
INFO  [Thread-3] 2026-05-25T23:12:29,666 LocalSession - ERROR [main] 23:12:29,648 InstanceRunner - Error while running model
INFO  [Thread-3] 2026-05-25T23:12:29,666 LocalSession - com.google.gson.JsonSyntaxException: com.google.gson.stream.MalformedJsonException: Use JsonReader.setStrictness(Strictness.LENIENT) to accept malformed JSON at line 1 column 226291 path $
INFO  [Thread-3] 2026-05-25T23:12:29,666 LocalSession - See https://github.com/google/gson/blob/main/Troubleshooting.md#malformed-json
INFO  [Thread-3] 2026-05-25T23:12:29,666 LocalSession - 	at com.google.gson.Gson.assertFullConsumption(Gson.java:1202) ~[gson-2.14.0.jar:?]
INFO  [Thread-3] 2026-05-25T23:12:29,666 LocalSession - 	at com.google.gson.Gson.fromJson(Gson.java:982) ~[gson-2.14.0.jar:?]
INFO  [Thread-3] 2026-05-25T23:12:29,666 LocalSession - 	at com.google.gson.Gson.fromJson(Gson.java:891) ~[gson-2.14.0.jar:?]
INFO  [Thread-3] 2026-05-25T23:12:29,667 LocalSession - 	at com.google.gson.Gson.fromJson(Gson.java:857) ~[gson-2.14.0.jar:?]
INFO  [Thread-3] 2026-05-25T23:12:29,667 LocalSession - 	at parkinson.LearningModel.load(LearningModel.java:151) ~[model.jar:?]
INFO  [Thread-3] 2026-05-25T23:12:29,667 LocalSession - 	at parkinson.LearningModel.<init>(LearningModel.java:92) ~[model.jar:?]
INFO  [Thread-3] 2026-05-25T23:12:29,667 LocalSession - 	at parkinson.LearningModel.<init>(LearningModel.java:98) ~[model.jar:?]
INFO  [Thread-3] 2026-05-25T23:12:29,667 LocalSession - 	at parkinson.TreatmentModel.<init>(TreatmentModel.java:12) ~[model.jar:?]
INFO  [Thread-3] 2026-05-25T23:12:29,667 LocalSession - 	at parkinson.Treatment.<init>(Treatment.java:74) ~[model.jar:?]
INFO  [Thread-3] 2026-05-25T23:12:29,667 LocalSession - 	at parkinson.ParkinsonBuilder.build(ParkinsonBuilder.java:110) ~[model.jar:?]
INFO  [Thread-3] 2026-05-25T23:12:29,667 LocalSession - 	at repast.simphony.dataLoader.engine.ClassNameContextBuilder.build(ClassNameContextBuilder.java:41) ~[repast.simphony.dataLoader.jar:?]
INFO  [Thread-3] 2026-05-25T23:12:29,667 LocalSession - 	at repast.simphony.dataLoader.engine.DataLoaderControllerAction.runInitialize(DataLoaderControllerAction.java:48) ~[repast.simphony.dataLoader.jar:?]
INFO  [Thread-3] 2026-05-25T23:12:29,667 LocalSession - 	at repast.simphony.engine.controller.DefaultController$2.visit(DefaultController.java:214) ~[repast.simphony.core.jar:?]
INFO  [Thread-3] 2026-05-25T23:12:29,667 LocalSession - 	at repast.simphony.engine.controller.DefaultController$2.visit(DefaultController.java:1) ~[repast.simphony.core.jar:?]
INFO  [Thread-3] 2026-05-25T23:12:29,667 LocalSession - 	at repast.simphony.util.collections.NaryTree.preOrderTraverals(NaryTree.java:292) ~[repast.simphony.core.jar:?]
INFO  [Thread-3] 2026-05-25T23:12:29,667 LocalSession - 	at repast.simphony.util.collections.NaryTree.preOrderTraverals(NaryTree.java:295) ~[repast.simphony.core.jar:?]
INFO  [Thread-3] 2026-05-25T23:12:29,667 LocalSession - 	at repast.simphony.util.collections.NaryTree.preOrderTraverals(NaryTree.java:295) ~[repast.simphony.core.jar:?]
INFO  [Thread-3] 2026-05-25T23:12:29,667 LocalSession - 	at repast.simphony.util.collections.NaryTree.preOrderTraversal(NaryTree.java:288) ~[repast.simphony.core.jar:?]
INFO  [Thread-3] 2026-05-25T23:12:29,667 LocalSession - 	at repast.simphony.engine.controller.DefaultController.runInitialize(DefaultController.java:212) ~[repast.simphony.core.jar:?]
INFO  [Thread-3] 2026-05-25T23:12:29,667 LocalSession - 	at repast.simphony.engine.controller.DefaultController.runInitialize(DefaultController.java:383) ~[repast.simphony.core.jar:?]
INFO  [Thread-3] 2026-05-25T23:12:29,667 LocalSession - 	at repast.simphony.batch.OneRunBatchRunner.run(OneRunBatchRunner.java:101) ~[repast.simphony.distributed.batch.jar:?]
INFO  [Thread-3] 2026-05-25T23:12:29,667 LocalSession - 	at repast.simphony.batch.InstanceRunner.run(InstanceRunner.java:193) ~[repast.simphony.distributed.batch.jar:?]
INFO  [Thread-3] 2026-05-25T23:12:29,667 LocalSession - 	at repast.simphony.batch.InstanceRunner.main(InstanceRunner.java:215) ~[repast.simphony.distributed.batch.jar:?]
INFO  [Thread-3] 2026-05-25T23:12:29,667 LocalSession - Caused by: com.google.gson.stream.MalformedJsonException: Use JsonReader.setStrictness(Strictness.LENIENT) to accept malformed JSON at line 1 column 226291 path $
INFO  [Thread-3] 2026-05-25T23:12:29,667 LocalSession - See https://github.com/google/gson/blob/main/Troubleshooting.md#malformed-json
INFO  [Thread-3] 2026-05-25T23:12:29,667 LocalSession - 	at com.google.gson.stream.JsonReader.syntaxError(JsonReader.java:1817) ~[gson-2.14.0.jar:?]
INFO  [Thread-3] 2026-05-25T23:12:29,667 LocalSession - 	at com.google.gson.stream.JsonReader.checkLenient(JsonReader.java:1613) ~[gson-2.14.0.jar:?]
INFO  [Thread-3] 2026-05-25T23:12:29,667 LocalSession - 	at com.google.gson.stream.JsonReader.doPeek(JsonReader.java:670) ~[gson-2.14.0.jar:?]
INFO  [Thread-3] 2026-05-25T23:12:29,667 LocalSession - 	at com.google.gson.stream.JsonReader.peek(JsonReader.java:545) ~[gson-2.14.0.jar:?]
INFO  [Thread-3] 2026-05-25T23:12:29,667 LocalSession - 	at com.google.gson.Gson.assertFullConsumption(Gson.java:1198) ~[gson-2.14.0.jar:?]
INFO  [Thread-3] 2026-05-25T23:12:29,667 LocalSession - 	... 22 more
INFO  [pool-7-thread-1] 2026-05-25T23:12:40,687 LocalDonePoller - Polled C:\Users\fabir\AppData\Local\Temp\simphony_model_1779743194218 for DONE:  yes
INFO  [SwingWorker-pool-3-thread-4] 2026-05-25T23:12:40,688 SessionsDriver - Run Time: 6,0163
INFO  [SwingWorker-pool-3-thread-4] 2026-05-25T23:12:40,742 LocalSession - Finding output on localhost in C:\Users\fabir\AppData\Local\Temp\simphony_model_1779743194218
INFO  [SwingWorker-pool-3-thread-4] 2026-05-25T23:12:40,744 SessionsDriver - Aggregating output into E:/projects/eclipse-workspace/Parkinson/output
INFO  [SwingWorker-pool-3-thread-4] 2026-05-25T23:12:40,745 SessionsDriver - Get Output Time: 0,0009
INFO  [SwingWorker-pool-3-thread-4] 2026-05-25T23:12:40,745 SessionsDriver - Finished. Elapsed Time: 6,1097
